Archive member included to satisfy reference by file (symbol)

C:/ST/STM32CubeIDE_1.10.1/STM32CubeIDE/plugins/com.st.stm32cube.ide.mcu.externaltools.gnu-tools-for-stm32.11.3.rel1.win32_1.1.0.202305231506/tools/bin/../lib/gcc/arm-none-eabi/11.3.1/../../../../arm-none-eabi/lib/thumb/v7e-m+fp/hard\libc_nano.a(libc_a-exit.o)
                              C:/ST/STM32CubeIDE_1.10.1/STM32CubeIDE/plugins/com.st.stm32cube.ide.mcu.externaltools.gnu-tools-for-stm32.11.3.rel1.win32_1.1.0.202305231506/tools/bin/../lib/gcc/arm-none-eabi/11.3.1/../../../../arm-none-eabi/lib/thumb/v7e-m+fp/hard/crt0.o (exit)
C:/ST/STM32CubeIDE_1.10.1/STM32CubeIDE/plugins/com.st.stm32cube.ide.mcu.externaltools.gnu-tools-for-stm32.11.3.rel1.win32_1.1.0.202305231506/tools/bin/../lib/gcc/arm-none-eabi/11.3.1/../../../../arm-none-eabi/lib/thumb/v7e-m+fp/hard\libc_nano.a(libc_a-findfp.o)
                              C:/ST/STM32CubeIDE_1.10.1/STM32CubeIDE/plugins/com.st.stm32cube.ide.mcu.externaltools.gnu-tools-for-stm32.11.3.rel1.win32_1.1.0.202305231506/tools/bin/../lib/gcc/arm-none-eabi/11.3.1/../../../../arm-none-eabi/lib/thumb/v7e-m+fp/hard\libc_nano.a(libc_a-exit.o) (__stdio_exit_handler)
C:/ST/STM32CubeIDE_1.10.1/STM32CubeIDE/plugins/com.st.stm32cube.ide.mcu.externaltools.gnu-tools-for-stm32.11.3.rel1.win32_1.1.0.202305231506/tools/bin/../lib/gcc/arm-none-eabi/11.3.1/../../../../arm-none-eabi/lib/thumb/v7e-m+fp/hard\libc_nano.a(libc_a-fwalk.o)
                              C:/ST/STM32CubeIDE_1.10.1/STM32CubeIDE/plugins/com.st.stm32cube.ide.mcu.externaltools.gnu-tools-for-stm32.11.3.rel1.win32_1.1.0.202305231506/tools/bin/../lib/gcc/arm-none-eabi/11.3.1/../../../../arm-none-eabi/lib/thumb/v7e-m+fp/hard\libc_nano.a(libc_a-findfp.o) (_fwalk_sglue)
C:/ST/STM32CubeIDE_1.10.1/STM32CubeIDE/plugins/com.st.stm32cube.ide.mcu.externaltools.gnu-tools-for-stm32.11.3.rel1.win32_1.1.0.202305231506/tools/bin/../lib/gcc/arm-none-eabi/11.3.1/../../../../arm-none-eabi/lib/thumb/v7e-m+fp/hard\libc_nano.a(libc_a-sprintf.o)
                              ./Core/Src/main.o (sprintf)
C:/ST/STM32CubeIDE_1.10.1/STM32CubeIDE/plugins/com.st.stm32cube.ide.mcu.externaltools.gnu-tools-for-stm32.11.3.rel1.win32_1.1.0.202305231506/tools/bin/../lib/gcc/arm-none-eabi/11.3.1/../../../../arm-none-eabi/lib/thumb/v7e-m+fp/hard\libc_nano.a(libc_a-stdio.o)
                              C:/ST/STM32CubeIDE_1.10.1/STM32CubeIDE/plugins/com.st.stm32cube.ide.mcu.externaltools.gnu-tools-for-stm32.11.3.rel1.win32_1.1.0.202305231506/tools/bin/../lib/gcc/arm-none-eabi/11.3.1/../../../../arm-none-eabi/lib/thumb/v7e-m+fp/hard\libc_nano.a(libc_a-findfp.o) (__sread)
C:/ST/STM32CubeIDE_1.10.1/STM32CubeIDE/plugins/com.st.stm32cube.ide.mcu.externaltools.gnu-tools-for-stm32.11.3.rel1.win32_1.1.0.202305231506/tools/bin/../lib/gcc/arm-none-eabi/11.3.1/../../../../arm-none-eabi/lib/thumb/v7e-m+fp/hard\libc_nano.a(libc_a-memset.o)
                              C:/ST/STM32CubeIDE_1.10.1/STM32CubeIDE/plugins/com.st.stm32cube.ide.mcu.externaltools.gnu-tools-for-stm32.11.3.rel1.win32_1.1.0.202305231506/tools/bin/../lib/gcc/arm-none-eabi/11.3.1/../../../../arm-none-eabi/lib/thumb/v7e-m+fp/hard/crt0.o (memset)
C:/ST/STM32CubeIDE_1.10.1/STM32CubeIDE/plugins/com.st.stm32cube.ide.mcu.externaltools.gnu-tools-for-stm32.11.3.rel1.win32_1.1.0.202305231506/tools/bin/../lib/gcc/arm-none-eabi/11.3.1/../../../../arm-none-eabi/lib/thumb/v7e-m+fp/hard\libc_nano.a(libc_a-strcat.o)
                              ./Core/Src/main.o (strcat)
C:/ST/STM32CubeIDE_1.10.1/STM32CubeIDE/plugins/com.st.stm32cube.ide.mcu.externaltools.gnu-tools-for-stm32.11.3.rel1.win32_1.1.0.202305231506/tools/bin/../lib/gcc/arm-none-eabi/11.3.1/../../../../arm-none-eabi/lib/thumb/v7e-m+fp/hard\libc_nano.a(libc_a-strncmp.o)
                              ./Core/Src/main.o (strncmp)
C:/ST/STM32CubeIDE_1.10.1/STM32CubeIDE/plugins/com.st.stm32cube.ide.mcu.externaltools.gnu-tools-for-stm32.11.3.rel1.win32_1.1.0.202305231506/tools/bin/../lib/gcc/arm-none-eabi/11.3.1/../../../../arm-none-eabi/lib/thumb/v7e-m+fp/hard\libc_nano.a(libc_a-closer.o)
                              C:/ST/STM32CubeIDE_1.10.1/STM32CubeIDE/plugins/com.st.stm32cube.ide.mcu.externaltools.gnu-tools-for-stm32.11.3.rel1.win32_1.1.0.202305231506/tools/bin/../lib/gcc/arm-none-eabi/11.3.1/../../../../arm-none-eabi/lib/thumb/v7e-m+fp/hard\libc_nano.a(libc_a-stdio.o) (_close_r)
C:/ST/STM32CubeIDE_1.10.1/STM32CubeIDE/plugins/com.st.stm32cube.ide.mcu.externaltools.gnu-tools-for-stm32.11.3.rel1.win32_1.1.0.202305231506/tools/bin/../lib/gcc/arm-none-eabi/11.3.1/../../../../arm-none-eabi/lib/thumb/v7e-m+fp/hard\libc_nano.a(libc_a-reent.o)
                              C:/ST/STM32CubeIDE_1.10.1/STM32CubeIDE/plugins/com.st.stm32cube.ide.mcu.externaltools.gnu-tools-for-stm32.11.3.rel1.win32_1.1.0.202305231506/tools/bin/../lib/gcc/arm-none-eabi/11.3.1/../../../../arm-none-eabi/lib/thumb/v7e-m+fp/hard\libc_nano.a(libc_a-closer.o) (errno)
[...]
Memory Configuration

Name             Origin             Length             Attributes
CCMRAM           0x0000000010000000 0x0000000000010000 xrw
RAM              0x0000000020000000 0x0000000000020000 xrw
FLASH            0x0000000008000000 0x0000000000100000 xr
*default*        0x0000000000000000 0xffffffffffffffff

Linker script and memory map

LOAD C:/ST/STM32CubeIDE_1.10.1/STM32CubeIDE/plugins/com.st.stm32cube.ide.mcu.externaltools.gnu-tools-for-stm32.11.3.rel1.win32_1.1.0.202305231506/tools/bin/../lib/gcc/arm-none-eabi/11.3.1/thumb/v7e-m+fp/hard/crti.o
LOAD C:/ST/STM32CubeIDE_1.10.1/STM32CubeIDE/plugins/com.st.stm32cube.ide.mcu.externaltools.gnu-tools-for-stm32.11.3.rel1.win32_1.1.0.202305231506/tools/bin/../lib/gcc/arm-none-eabi/11.3.1/thumb/v7e-m+fp/hard/crtbegin.o
LOAD C:/ST/STM32CubeIDE_1.10.1/STM32CubeIDE/plugins/com.st.stm32cube.ide.mcu.externaltools.gnu-tools-for-stm32.11.3.rel1.win32_1.1.0.202305231506/tools/bin/../lib/gcc/arm-none-eabi/11.3.1/../../../../arm-none-eabi/lib/thumb/v7e-m+fp/hard/crt0.o
LOAD ./Core/Src/main.o
LOAD ./Core/Src/stm32f4xx_hal_msp.o
LOAD ./Core/Src/stm32f4xx_it.o
LOAD ./Core/Src/syscalls.o
LOAD ./Core/Src/sysmem.o
LOAD ./Core/Src/system_stm32f4xx.o
LOAD ./Core/Startup/startup_stm32f407vgtx.o
LOAD ./Drivers/STM32F4xx_HAL_Driver/Src/stm32f4xx_hal.o
LOAD ./Drivers/STM32F4xx_HAL_Driver/Src/stm32f4xx_hal_cortex.o
LOAD ./Drivers/STM32F4xx_HAL_Driver/Src/stm32f4xx_hal_dma.o
LOAD ./Drivers/STM32F4xx_HAL_Driver/Src/stm32f4xx_hal_dma_ex.o
LOAD ./Drivers/STM32F4xx_HAL_Driver/Src/stm32f4xx_hal_exti.o
LOAD ./Drivers/STM32F4xx_HAL_Driver/Src/stm32f4xx_hal_flash.o
LOAD ./Drivers/STM32F4xx_HAL_Driver/Src/stm32f4xx_hal_flash_ex.o
LOAD ./Drivers/STM32F4xx_HAL_Driver/Src/stm32f4xx_hal_flash_ramfunc.o
LOAD ./Drivers/STM32F4xx_HAL_Driver/Src/stm32f4xx_hal_gpio.o
LOAD ./Drivers/STM32F4xx_HAL_Driver/Src/stm32f4xx_hal_pwr.o
LOAD ./Drivers/STM32F4xx_HAL_Driver/Src/stm32f4xx_hal_pwr_ex.o
LOAD ./Drivers/STM32F4xx_HAL_Driver/Src/stm32f4xx_hal_rcc.o
LOAD ./Drivers/STM32F4xx_HAL_Driver/Src/stm32f4xx_hal_rcc_ex.o
LOAD ./Drivers/STM32F4xx_HAL_Driver/Src/stm32f4xx_hal_sd.o
LOAD ./Drivers/STM32F4xx_HAL_Driver/Src/stm32f4xx_hal_tim.o
LOAD ./Drivers/STM32F4xx_HAL_Driver/Src/stm32f4xx_hal_tim_ex.o
LOAD ./Drivers/STM32F4xx_HAL_Driver/Src/stm32f4xx_hal_uart.o
LOAD ./Drivers/STM32F4xx_HAL_Driver/Src/stm32f4xx_ll_sdmmc.o
LOAD ./FATFS/App/fatfs.o
LOAD ./FATFS/Target/bsp_driver_sd.o
LOAD ./FATFS/Target/fatfs_platform.o
LOAD ./FATFS/Target/sd_diskio.o
LOAD ./Middlewares/Third_Party/FatFs/src/diskio.o
LOAD ./Middlewares/Third_Party/FatFs/src/ff.o
LOAD ./Middlewares/Third_Party/FatFs/src/ff_gen_drv.o
LOAD ./Middlewares/Third_Party/FatFs/src/option/syscall.o
START GROUP
LOAD C:/ST/STM32CubeIDE_1.10.1/STM32CubeIDE/plugins/com.st.stm32cube.ide.mcu.externaltools.gnu-tools-for-stm32.11.3.rel1.win32_1.1.0.202305231506/tools/bin/../lib/gcc/arm-none-eabi/11.3.1/../../../../arm-none-eabi/lib/thumb/v7e-m+fp/hard\libc_nano.a
LOAD C:/ST/STM32CubeIDE_1.10.1/STM32CubeIDE/plugins/com.st.stm32cube.ide.mcu.externaltools.gnu-tools-for-stm32.11.3.rel1.win32_1.1.0.202305231506/tools/bin/../lib/gcc/arm-none-eabi/11.3.1/../../../../arm-none-eabi/lib/thumb/v7e-m+fp/hard\libm.a
END GROUP
START GROUP
LOAD C:/ST/STM32CubeIDE_1.10.1/STM32CubeIDE/plugins/com.st.stm32cube.ide.mcu.externaltools.gnu-tools-for-stm32.11.3.rel1.win32_1.1.0.202305231506/tools/bin/../lib/gcc/arm-none-eabi/11.3.1/thumb/v7e-m+fp/hard\libgcc.a
LOAD C:/ST/STM32CubeIDE_1.10.1/STM32CubeIDE/plugins/com.st.stm32cube.ide.mcu.externaltools.gnu-tools-for-stm32.11.3.rel1.win32_1.1.0.202305231506/tools/bin/../lib/gcc/arm-none-eabi/11.3.1/../../../../arm-none-eabi/lib/thumb/v7e-m+fp/hard\libc_nano.a
END GROUP
START GROUP
LOAD C:/ST/STM32CubeIDE_1.10.1/STM32CubeIDE/plugins/com.st.stm32cube.ide.mcu.externaltools.gnu-tools-for-stm32.11.3.rel1.win32_1.1.0.202305231506/tools/bin/../lib/gcc/arm-none-eabi/11.3.1/thumb/v7e-m+fp/hard\libgcc.a
LOAD C:/ST/STM32CubeIDE_1.10.1/STM32CubeIDE/plugins/com.st.stm32cube.ide.mcu.externaltools.gnu-tools-for-stm32.11.3.rel1.win32_1.1.0.202305231506/tools/bin/../lib/gcc/arm-none-eabi/11.3.1/../../../../arm-none-eabi/lib/thumb/v7e-m+fp/hard\libc_nano.a
LOAD C:/ST/STM32CubeIDE_1.10.1/STM32CubeIDE/plugins/com.st.stm32cube.ide.mcu.externaltools.gnu-tools-for-stm32.11.3.rel1.win32_1.1.0.202305231506/tools/bin/../lib/gcc/arm-none-eabi/11.3.1/../../../../arm-none-eabi/lib/thumb/v7e-m+fp/hard\libnosys.a
END GROUP
START GROUP
LOAD C:/ST/STM32CubeIDE_1.10.1/STM32CubeIDE/plugins/com.st.stm32cube.ide.mcu.externaltools.gnu-tools-for-stm32.11.3.rel1.win32_1.1.0.202305231506/tools/bin/../lib/gcc/arm-none-eabi/11.3.1/thumb/v7e-m+fp/hard\libgcc.a
LOAD C:/ST/STM32CubeIDE_1.10.1/STM32CubeIDE/plugins/com.st.stm32cube.ide.mcu.externaltools.gnu-tools-for-stm32.11.3.rel1.win32_1.1.0.202305231506/tools/bin/../lib/gcc/arm-none-eabi/11.3.1/../../../../arm-none-eabi/lib/thumb/v7e-m+fp/hard\libc_nano.a
LOAD C:/ST/STM32CubeIDE_1.10.1/STM32CubeIDE/plugins/com.st.stm32cube.ide.mcu.externaltools.gnu-tools-for-stm32.11.3.rel1.win32_1.1.0.202305231506/tools/bin/../lib/gcc/arm-none-eabi/11.3.1/../../../../arm-none-eabi/lib/thumb/v7e-m+fp/hard\libnosys.a
END GROUP
LOAD C:/ST/STM32CubeIDE_1.10.1/STM32CubeIDE/plugins/com.st.stm32cube.ide.mcu.externaltools.gnu-tools-for-stm32.11.3.rel1.win32_1.1.0.202305231506/tools/bin/../lib/gcc/arm-none-eabi/11.3.1/thumb/v7e-m+fp/hard/crtend.o
LOAD C:/ST/STM32CubeIDE_1.10.1/STM32CubeIDE/plugins/com.st.stm32cube.ide.mcu.externaltools.gnu-tools-for-stm32.11.3.rel1.win32_1.1.0.202305231506/tools/bin/../lib/gcc/arm-none-eabi/11.3.1/thumb/v7e-m+fp/hard/crtn.o
                0x0000000020020000                _estack = (ORIGIN (RAM) + LENGTH (RAM))
                0x0000000000000400                _Min_Heap_Size = 0x400
                0x0000000000000800                _Min_Stack_Size = 0x800

.isr_vector     0x0000000008000000      0x188
                0x0000000008000000                . = ALIGN (0x4)
 *(.isr_vector)
 .isr_vector    0x0000000008000000      0x188 ./Core/Startup/startup_stm32f407vgtx.o
                0x0000000008000000                g_pfnVectors
                0x0000000008000188                . = ALIGN (0x4)

.text           0x0000000008000190     0x91f4
                0x0000000008000190                . = ALIGN (0x4)
 *(.text)
 .text          0x0000000008000190       0x40 C:/ST/STM32CubeIDE_1.10.1/STM32CubeIDE/plugins/com.st.stm32cube.ide.mcu.externaltools.gnu-tools-for-stm32.11.3.rel1.win32_1.1.0.202305231506/tools/bin/../lib/gcc/arm-none-eabi/11.3.1/thumb/v7e-m+fp/hard/crtbegin.o
 .text          0x00000000080001d0       0x14 C:/ST/STM32CubeIDE_1.10.1/STM32CubeIDE/plugins/com.st.stm32cube.ide.mcu.externaltools.gnu-tools-for-stm32.11.3.rel1.win32_1.1.0.202305231506/tools/bin/../lib/gcc/arm-none-eabi/11.3.1/../../../../arm-none-eabi/lib/thumb/v7e-m+fp/hard\libc_nano.a(libc_a-strcmp.o)
                0x00000000080001d0                strcmp
 .text          0x00000000080001e4       0x10 C:/ST/STM32CubeIDE_1.10.1/STM32CubeIDE/plugins/com.st.stm32cube.ide.mcu.externaltools.gnu-tools-for-stm32.11.3.rel1.win32_1.1.0.202305231506/tools/bin/../lib/gcc/arm-none-eabi/11.3.1/../../../../arm-none-eabi/lib/thumb/v7e-m+fp/hard\libc_nano.a(libc_a-strlen.o)
                0x00000000080001e4                strlen
 *fill*         0x00000000080001f4        0xc 
 .text          0x0000000008000200       0xa0 C:/ST/STM32CubeIDE_1.10.1/STM32CubeIDE/plugins/com.st.stm32cube.ide.mcu.externaltools.gnu-tools-for-stm32.11.3.rel1.win32_1.1.0.202305231506/tools/bin/../lib/gcc/arm-none-eabi/11.3.1/../../../../arm-none-eabi/lib/thumb/v7e-m+fp/hard\libc_nano.a(libc_a-memchr.o)
                0x0000000008000200                memchr
 .text          0x00000000080002a0       0x30 C:/ST/STM32CubeIDE_1.10.1/STM32CubeIDE/plugins/com.st.stm32cube.ide.mcu.externaltools.gnu-tools-for-stm32.11.3.rel1.win32_1.1.0.202305231506/tools/bin/../lib/gcc/arm-none-eabi/11.3.1/thumb/v7e-m+fp/hard\libgcc.a(_aeabi_uldivmod.o)
                0x00000000080002a0                __aeabi_uldivmod
 .text          0x00000000080002d0      0x2c8 C:/ST/STM32CubeIDE_1.10.1/STM32CubeIDE/plugins/com.st.stm32cube.ide.mcu.externaltools.gnu-tools-for-stm32.11.3.rel1.win32_1.1.0.202305231506/tools/bin/../lib/gcc/arm-none-eabi/11.3.1/thumb/v7e-m+fp/hard\libgcc.a(_udivmoddi4.o)
                0x00000000080002d0                __udivmoddi4
 .text          0x0000000008000598        0x4 C:/ST/STM32CubeIDE_1.10.1/STM32CubeIDE/plugins/com.st.stm32cube.ide.mcu.externaltools.gnu-tools-for-stm32.11.3.rel1.win32_1.1.0.202305231506/tools/bin/../lib/gcc/arm-none-eabi/11.3.1/thumb/v7e-m+fp/hard\libgcc.a(_dvmd_tls.o)
                0x0000000008000598                __aeabi_idiv0
                0x0000000008000598                __aeabi_ldiv0
 *(.text*)
 .text.HAL_UART_RxCpltCallback
                0x000000000800059c      0x118 ./Core/Src/main.o
                0x000000000800059c                HAL_UART_RxCpltCallback
 .text.clearCMDBuffer
                0x00000000080006b4       0x18 ./Core/Src/main.o
                0x00000000080006b4                clearCMDBuffer
 .text.clearWriteBuffer
                0x00000000080006cc       0x18 ./Core/Src/main.o
                0x00000000080006cc                clearWriteBuffer
 .text.clearReadBuffer
                0x00000000080006e4       0x18 ./Core/Src/main.o
                0x00000000080006e4                clearReadBuffer
 .text.mount_sd
                0x00000000080006fc       0x7c ./Core/Src/main.o
                0x00000000080006fc                mount_sd
 .text.getPath  0x0000000008000778       0x24 ./Core/Src/main.o
                0x0000000008000778                getPath
 .text.returnParentsDir
                0x000000000800079c       0x78 ./Core/Src/main.o
                0x000000000800079c                returnParentsDir
 .text.listFileDir
                0x0000000008000814      0x120 ./Core/Src/main.o
                0x0000000008000814                listFileDir
 .text.main     0x0000000008000934      0x5c4 ./Core/Src/main.o
                0x0000000008000934                main
 .text.SystemClock_Config
                0x0000000008000ef8       0xd4 ./Core/Src/main.o
                0x0000000008000ef8                SystemClock_Config
 .text.MX_SDIO_SD_Init
                0x0000000008000fcc       0x40 ./Core/Src/main.o
 .text.MX_USART1_UART_Init
                0x000000000800100c       0x54 ./Core/Src/main.o
 .text.MX_GPIO_Init
                0x0000000008001060      0x250 ./Core/Src/main.o
 .text.Error_Handler
                0x00000000080012b0        0xa ./Core/Src/main.o
                0x00000000080012b0                Error_Handler
 *fill*         0x00000000080012ba        0x2 
 .text.HAL_MspInit
                0x00000000080012bc       0x50 ./Core/Src/stm32f4xx_hal_msp.o
                0x00000000080012bc                HAL_MspInit
 .text.HAL_SD_MspInit
                0x000000000800130c       0xe0 ./Core/Src/stm32f4xx_hal_msp.o
                0x000000000800130c                HAL_SD_MspInit
 .text.HAL_UART_MspInit
                0x00000000080013ec       0xa0 ./Core/Src/stm32f4xx_hal_msp.o
                0x00000000080013ec                HAL_UART_MspInit
 .text.NMI_Handler
                0x000000000800148c        0x6 ./Core/Src/stm32f4xx_it.o
                0x000000000800148c                NMI_Handler
 .text.HardFault_Handler
                0x0000000008001492        0x6 ./Core/Src/stm32f4xx_it.o
                0x0000000008001492                HardFault_Handler
 .text.MemManage_Handler
                0x0000000008001498        0x6 ./Core/Src/stm32f4xx_it.o
                0x0000000008001498                MemManage_Handler
 .text.BusFault_Handler
                0x000000000800149e        0x6 ./Core/Src/stm32f4xx_it.o
                0x000000000800149e                BusFault_Handler
 .text.UsageFault_Handler
                0x00000000080014a4        0x6 ./Core/Src/stm32f4xx_it.o
                0x00000000080014a4                UsageFault_Handler
 .text.SVC_Handler
                0x00000000080014aa        0xe ./Core/Src/stm32f4xx_it.o
                0x00000000080014aa                SVC_Handler
 .text.DebugMon_Handler
                0x00000000080014b8        0xe ./Core/Src/stm32f4xx_it.o
                0x00000000080014b8                DebugMon_Handler
 .text.PendSV_Handler
                0x00000000080014c6        0xe ./Core/Src/stm32f4xx_it.o
                0x00000000080014c6                PendSV_Handler
 .text.SysTick_Handler
                0x00000000080014d4        0xc ./Core/Src/stm32f4xx_it.o
                0x00000000080014d4                SysTick_Handler
 .text.USART1_IRQHandler
                0x00000000080014e0       0x14 ./Core/Src/stm32f4xx_it.o
                0x00000000080014e0                USART1_IRQHandler
 .text.SDIO_IRQHandler
                0x00000000080014f4       0x14 ./Core/Src/stm32f4xx_it.o
                0x00000000080014f4                SDIO_IRQHandler
 .text._sbrk    0x0000000008001508       0x6c ./Core/Src/sysmem.o
                0x0000000008001508                _sbrk
 .text.SystemInit
                0x0000000008001574       0x24 ./Core/Src/system_stm32f4xx.o
                0x0000000008001574                SystemInit
 .text.Reset_Handler
                0x0000000008001598       0x50 ./Core/Startup/startup_stm32f407vgtx.o
                0x0000000008001598                Reset_Handler
 .text.Default_Handler
                0x00000000080015e8        0x2 ./Core/Startup/startup_stm32f407vgtx.o
                0x00000000080015e8                RTC_Alarm_IRQHandler
                0x00000000080015e8                HASH_RNG_IRQHandler
                0x00000000080015e8                EXTI2_IRQHandler
                0x00000000080015e8                TIM8_CC_IRQHandler
                0x00000000080015e8                TIM1_CC_IRQHandler
                0x00000000080015e8                DMA2_Stream5_IRQHandler
                0x00000000080015e8                DMA1_Stream5_IRQHandler
                0x00000000080015e8                PVD_IRQHandler
                0x00000000080015e8                TAMP_STAMP_IRQHandler
                0x00000000080015e8                CAN2_RX1_IRQHandler
                0x00000000080015e8                EXTI3_IRQHandler
                0x00000000080015e8                TIM8_TRG_COM_TIM14_IRQHandler
                0x00000000080015e8                TIM1_UP_TIM10_IRQHandler
                0x00000000080015e8                TIM8_UP_TIM13_IRQHandler
                0x00000000080015e8                I2C3_ER_IRQHandler
                0x00000000080015e8                EXTI0_IRQHandler
                0x00000000080015e8                I2C2_EV_IRQHandler
                0x00000000080015e8                DMA1_Stream2_IRQHandler
                0x00000000080015e8                CAN1_RX0_IRQHandler
                0x00000000080015e8                FPU_IRQHandler
                0x00000000080015e8                OTG_HS_WKUP_IRQHandler
                0x00000000080015e8                CAN2_SCE_IRQHandler
                0x00000000080015e8                DMA2_Stream2_IRQHandler
                0x00000000080015e8                SPI1_IRQHandler
                0x00000000080015e8                TIM6_DAC_IRQHandler
                0x00000000080015e8                TIM1_BRK_TIM9_IRQHandler
                0x00000000080015e8                DCMI_IRQHandler
                0x00000000080015e8                CAN2_RX0_IRQHandler
                0x00000000080015e8                DMA2_Stream3_IRQHandler
                0x00000000080015e8                USART6_IRQHandler
                0x00000000080015e8                USART3_IRQHandler
                0x00000000080015e8                CAN1_RX1_IRQHandler
                0x00000000080015e8                UART5_IRQHandler
                0x00000000080015e8                DMA2_Stream0_IRQHandler
                0x00000000080015e8                TIM4_IRQHandler
                0x00000000080015e8                I2C1_EV_IRQHandler
                0x00000000080015e8                DMA1_Stream6_IRQHandler
                0x00000000080015e8                DMA1_Stream1_IRQHandler
                0x00000000080015e8                UART4_IRQHandler
                0x00000000080015e8                TIM3_IRQHandler
                0x00000000080015e8                RCC_IRQHandler
                0x00000000080015e8                TIM8_BRK_TIM12_IRQHandler
                0x00000000080015e8                Default_Handler
                0x00000000080015e8                EXTI15_10_IRQHandler
                0x00000000080015e8                ADC_IRQHandler
                0x00000000080015e8                DMA1_Stream7_IRQHandler
                0x00000000080015e8                TIM7_IRQHandler
                0x00000000080015e8                CAN2_TX_IRQHandler
                0x00000000080015e8                TIM5_IRQHandler
                0x00000000080015e8                DMA2_Stream7_IRQHandler
                0x00000000080015e8                I2C3_EV_IRQHandler
                0x00000000080015e8                EXTI9_5_IRQHandler
                0x00000000080015e8                RTC_WKUP_IRQHandler
                0x00000000080015e8                ETH_WKUP_IRQHandler
                0x00000000080015e8                SPI2_IRQHandler
                0x00000000080015e8                OTG_HS_EP1_IN_IRQHandler
                0x00000000080015e8                DMA1_Stream0_IRQHandler
                0x00000000080015e8                CAN1_TX_IRQHandler
                0x00000000080015e8                EXTI4_IRQHandler
                0x00000000080015e8                FSMC_IRQHandler
                0x00000000080015e8                ETH_IRQHandler
                0x00000000080015e8                OTG_HS_EP1_OUT_IRQHandler
                0x00000000080015e8                WWDG_IRQHandler
                0x00000000080015e8                TIM2_IRQHandler
                0x00000000080015e8                OTG_FS_WKUP_IRQHandler
                0x00000000080015e8                TIM1_TRG_COM_TIM11_IRQHandler
                0x00000000080015e8                OTG_HS_IRQHandler
                0x00000000080015e8                EXTI1_IRQHandler
                0x00000000080015e8                USART2_IRQHandler
                0x00000000080015e8                I2C2_ER_IRQHandler
                0x00000000080015e8                DMA2_Stream1_IRQHandler
                0x00000000080015e8                CAN1_SCE_IRQHandler
                0x00000000080015e8                FLASH_IRQHandler
                0x00000000080015e8                DMA2_Stream4_IRQHandler
                0x00000000080015e8                OTG_FS_IRQHandler
                0x00000000080015e8                SPI3_IRQHandler
                0x00000000080015e8                DMA1_Stream4_IRQHandler
                0x00000000080015e8                I2C1_ER_IRQHandler
                0x00000000080015e8                DMA2_Stream6_IRQHandler
                0x00000000080015e8                DMA1_Stream3_IRQHandler
 *fill*         0x00000000080015ea        0x2 
 .text.HAL_Init
                0x00000000080015ec       0x44 ./Drivers/STM32F4xx_HAL_Driver/Src/stm32f4xx_hal.o
                0x00000000080015ec                HAL_Init
 .text.HAL_InitTick
                0x0000000008001630       0x60 ./Drivers/STM32F4xx_HAL_Driver/Src/stm32f4xx_hal.o
                0x0000000008001630                HAL_InitTick
 .text.HAL_IncTick
                0x0000000008001690       0x28 ./Drivers/STM32F4xx_HAL_Driver/Src/stm32f4xx_hal.o
                0x0000000008001690                HAL_IncTick
 .text.HAL_GetTick
                0x00000000080016b8       0x18 ./Drivers/STM32F4xx_HAL_Driver/Src/stm32f4xx_hal.o
                0x00000000080016b8                HAL_GetTick
 .text.HAL_Delay
                0x00000000080016d0       0x48 ./Drivers/STM32F4xx_HAL_Driver/Src/stm32f4xx_hal.o
                0x00000000080016d0                HAL_Delay
 .text.__NVIC_SetPriorityGrouping
                0x0000000008001718       0x48 ./Drivers/STM32F4xx_HAL_Driver/Src/stm32f4xx_hal_cortex.o
 .text.__NVIC_GetPriorityGrouping
                0x0000000008001760       0x1c ./Drivers/STM32F4xx_HAL_Driver/Src/stm32f4xx_hal_cortex.o
 .text.__NVIC_EnableIRQ
                0x000000000800177c       0x3c ./Drivers/STM32F4xx_HAL_Driver/Src/stm32f4xx_hal_cortex.o
 .text.__NVIC_SetPriority
                0x00000000080017b8       0x54 ./Drivers/STM32F4xx_HAL_Driver/Src/stm32f4xx_hal_cortex.o
 .text.NVIC_EncodePriority
                0x000000000800180c       0x66 ./Drivers/STM32F4xx_HAL_Driver/Src/stm32f4xx_hal_cortex.o
 *fill*         0x0000000008001872        0x2 
 .text.SysTick_Config
                0x0000000008001874       0x44 ./Drivers/STM32F4xx_HAL_Driver/Src/stm32f4xx_hal_cortex.o
 .text.HAL_NVIC_SetPriorityGrouping
                0x00000000080018b8       0x16 ./Drivers/STM32F4xx_HAL_Driver/Src/stm32f4xx_hal_cortex.o
                0x00000000080018b8                HAL_NVIC_SetPriorityGrouping
 .text.HAL_NVIC_SetPriority
                0x00000000080018ce       0x38 ./Drivers/STM32F4xx_HAL_Driver/Src/stm32f4xx_hal_cortex.o
                0x00000000080018ce                HAL_NVIC_SetPriority
 .text.HAL_NVIC_EnableIRQ
                0x0000000008001906       0x1c ./Drivers/STM32F4xx_HAL_Driver/Src/stm32f4xx_hal_cortex.o
                0x0000000008001906                HAL_NVIC_EnableIRQ
 .text.HAL_SYSTICK_Config
                0x0000000008001922       0x18 ./Drivers/STM32F4xx_HAL_Driver/Src/stm32f4xx_hal_cortex.o
                0x0000000008001922                HAL_SYSTICK_Config
 .text.HAL_DMA_Abort
                0x000000000800193a       0xe0 ./Drivers/STM32F4xx_HAL_Driver/Src/stm32f4xx_hal_dma.o
                0x000000000800193a                HAL_DMA_Abort
 .text.HAL_DMA_Abort_IT
                0x0000000008001a1a       0x44 ./Drivers/STM32F4xx_HAL_Driver/Src/stm32f4xx_hal_dma.o
                0x0000000008001a1a                HAL_DMA_Abort_IT
 *fill*         0x0000000008001a5e        0x2 
 .text.HAL_GPIO_Init
                0x0000000008001a60      0x338 ./Drivers/STM32F4xx_HAL_Driver/Src/stm32f4xx_hal_gpio.o
                0x0000000008001a60                HAL_GPIO_Init
 .text.HAL_GPIO_ReadPin
                0x0000000008001d98       0x30 ./Drivers/STM32F4xx_HAL_Driver/Src/stm32f4xx_hal_gpio.o
                0x0000000008001d98                HAL_GPIO_ReadPin
 .text.HAL_GPIO_WritePin
                0x0000000008001dc8       0x32 ./Drivers/STM32F4xx_HAL_Driver/Src/stm32f4xx_hal_gpio.o
                0x0000000008001dc8                HAL_GPIO_WritePin
 *fill*         0x0000000008001dfa        0x2 
 .text.HAL_RCC_OscConfig
                0x0000000008001dfc      0x4f0 ./Drivers/STM32F4xx_HAL_Driver/Src/stm32f4xx_hal_rcc.o
                0x0000000008001dfc                HAL_RCC_OscConfig
 .text.HAL_RCC_ClockConfig
                0x00000000080022ec      0x1cc ./Drivers/STM32F4xx_HAL_Driver/Src/stm32f4xx_hal_rcc.o
                0x00000000080022ec                HAL_RCC_ClockConfig
 .text.HAL_RCC_GetSysClockFreq
                0x00000000080024b8      0x20c ./Drivers/STM32F4xx_HAL_Driver/Src/stm32f4xx_hal_rcc.o
                0x00000000080024b8                HAL_RCC_GetSysClockFreq
 .text.HAL_RCC_GetHCLKFreq
                0x00000000080026c4       0x18 ./Drivers/STM32F4xx_HAL_Driver/Src/stm32f4xx_hal_rcc.o
                0x00000000080026c4                HAL_RCC_GetHCLKFreq
 .text.HAL_RCC_GetPCLK1Freq
                0x00000000080026dc       0x28 ./Drivers/STM32F4xx_HAL_Driver/Src/stm32f4xx_hal_rcc.o
                0x00000000080026dc                HAL_RCC_GetPCLK1Freq
 .text.HAL_RCC_GetPCLK2Freq
                0x0000000008002704       0x28 ./Drivers/STM32F4xx_HAL_Driver/Src/stm32f4xx_hal_rcc.o
                0x0000000008002704                HAL_RCC_GetPCLK2Freq
 .text.HAL_SD_Init
                0x000000000800272c       0x60 ./Drivers/STM32F4xx_HAL_Driver/Src/stm32f4xx_hal_sd.o
                0x000000000800272c                HAL_SD_Init
 .text.HAL_SD_InitCard
                0x000000000800278c      0x100 ./Drivers/STM32F4xx_HAL_Driver/Src/stm32f4xx_hal_sd.o
                0x000000000800278c                HAL_SD_InitCard
 .text.HAL_SD_ReadBlocks
                0x000000000800288c      0x3bc ./Drivers/STM32F4xx_HAL_Driver/Src/stm32f4xx_hal_sd.o
                0x000000000800288c                HAL_SD_ReadBlocks
 .text.HAL_SD_WriteBlocks
                0x0000000008002c48      0x30c ./Drivers/STM32F4xx_HAL_Driver/Src/stm32f4xx_hal_sd.o
                0x0000000008002c48                HAL_SD_WriteBlocks
 .text.HAL_SD_IRQHandler
                0x0000000008002f54      0x30c ./Drivers/STM32F4xx_HAL_Driver/Src/stm32f4xx_hal_sd.o
                0x0000000008002f54                HAL_SD_IRQHandler
 .text.HAL_SD_ErrorCallback
                0x0000000008003260       0x14 ./Drivers/STM32F4xx_HAL_Driver/Src/stm32f4xx_hal_sd.o
                0x0000000008003260                HAL_SD_ErrorCallback
 .text.HAL_SD_GetCardCSD
                0x0000000008003274      0x348 ./Drivers/STM32F4xx_HAL_Driver/Src/stm32f4xx_hal_sd.o
                0x0000000008003274                HAL_SD_GetCardCSD
 .text.HAL_SD_GetCardInfo
                0x00000000080035bc       0x58 ./Drivers/STM32F4xx_HAL_Driver/Src/stm32f4xx_hal_sd.o
                0x00000000080035bc                HAL_SD_GetCardInfo
 .text.HAL_SD_GetCardState
                0x0000000008003614       0x40 ./Drivers/STM32F4xx_HAL_Driver/Src/stm32f4xx_hal_sd.o
                0x0000000008003614                HAL_SD_GetCardState
 .text.SD_DMATxAbort
                0x0000000008003654       0x6e ./Drivers/STM32F4xx_HAL_Driver/Src/stm32f4xx_hal_sd.o
 .text.SD_DMARxAbort
                0x00000000080036c2       0x6e ./Drivers/STM32F4xx_HAL_Driver/Src/stm32f4xx_hal_sd.o
 .text.SD_InitCard
                0x0000000008003730      0x19c ./Drivers/STM32F4xx_HAL_Driver/Src/stm32f4xx_hal_sd.o
 .text.SD_PowerON
                0x00000000080038cc      0x11c ./Drivers/STM32F4xx_HAL_Driver/Src/stm32f4xx_hal_sd.o
 .text.SD_SendStatus
                0x00000000080039e8       0x50 ./Drivers/STM32F4xx_HAL_Driver/Src/stm32f4xx_hal_sd.o
 .text.SD_Read_IT
                0x0000000008003a38       0xa2 ./Drivers/STM32F4xx_HAL_Driver/Src/stm32f4xx_hal_sd.o
 .text.SD_Write_IT
                0x0000000008003ada       0xaa ./Drivers/STM32F4xx_HAL_Driver/Src/stm32f4xx_hal_sd.o
 .text.HAL_UART_Init
                0x0000000008003b84       0x9a ./Drivers/STM32F4xx_HAL_Driver/Src/stm32f4xx_hal_uart.o
                0x0000000008003b84                HAL_UART_Init
 .text.HAL_UART_Transmit
                0x0000000008003c1e      0x124 ./Drivers/STM32F4xx_HAL_Driver/Src/stm32f4xx_hal_uart.o
                0x0000000008003c1e                HAL_UART_Transmit
 .text.HAL_UART_Receive_IT
                0x0000000008003d42       0x60 ./Drivers/STM32F4xx_HAL_Driver/Src/stm32f4xx_hal_uart.o
                0x0000000008003d42                HAL_UART_Receive_IT
 *fill*         0x0000000008003da2        0x2 
 .text.HAL_UART_IRQHandler
                0x0000000008003da4      0x51c ./Drivers/STM32F4xx_HAL_Driver/Src/stm32f4xx_hal_uart.o
                0x0000000008003da4                HAL_UART_IRQHandler
 .text.HAL_UART_TxCpltCallback
                0x00000000080042c0       0x14 ./Drivers/STM32F4xx_HAL_Driver/Src/stm32f4xx_hal_uart.o
                0x00000000080042c0                HAL_UART_TxCpltCallback
 .text.HAL_UART_ErrorCallback
                0x00000000080042d4       0x14 ./Drivers/STM32F4xx_HAL_Driver/Src/stm32f4xx_hal_uart.o
                0x00000000080042d4                HAL_UART_ErrorCallback
 .text.HAL_UARTEx_RxEventCallback
                0x00000000080042e8       0x18 ./Drivers/STM32F4xx_HAL_Driver/Src/stm32f4xx_hal_uart.o
                0x00000000080042e8                HAL_UARTEx_RxEventCallback
 .text.UART_WaitOnFlagUntilTimeout
                0x0000000008004300       0xdc ./Drivers/STM32F4xx_HAL_Driver/Src/stm32f4xx_hal_uart.o
 .text.UART_Start_Receive_IT
                0x00000000080043dc       0x7c ./Drivers/STM32F4xx_HAL_Driver/Src/stm32f4xx_hal_uart.o
                0x00000000080043dc                UART_Start_Receive_IT
 .text.UART_EndRxTransfer
                0x0000000008004458       0xc6 ./Drivers/STM32F4xx_HAL_Driver/Src/stm32f4xx_hal_uart.o
 .text.UART_DMAAbortOnError
                0x000000000800451e       0x28 ./Drivers/STM32F4xx_HAL_Driver/Src/stm32f4xx_hal_uart.o
 .text.UART_Transmit_IT
                0x0000000008004546       0xa0 ./Drivers/STM32F4xx_HAL_Driver/Src/stm32f4xx_hal_uart.o
 .text.UART_EndTransmit_IT
                0x00000000080045e6       0x30 ./Drivers/STM32F4xx_HAL_Driver/Src/stm32f4xx_hal_uart.o
 .text.UART_Receive_IT
                0x0000000008004616      0x176 ./Drivers/STM32F4xx_HAL_Driver/Src/stm32f4xx_hal_uart.o
 .text.UART_SetConfig
                0x000000000800478c      0x4e8 ./Drivers/STM32F4xx_HAL_Driver/Src/stm32f4xx_hal_uart.o
 .text.SDIO_Init
                0x0000000008004c74       0x56 ./Drivers/STM32F4xx_HAL_Driver/Src/stm32f4xx_ll_sdmmc.o
                0x0000000008004c74                SDIO_Init
 .text.SDIO_ReadFIFO
                0x0000000008004cca       0x1a ./Drivers/STM32F4xx_HAL_Driver/Src/stm32f4xx_ll_sdmmc.o
                0x0000000008004cca                SDIO_ReadFIFO
 .text.SDIO_WriteFIFO
                0x0000000008004ce4       0x22 ./Drivers/STM32F4xx_HAL_Driver/Src/stm32f4xx_ll_sdmmc.o
                0x0000000008004ce4                SDIO_WriteFIFO
 .text.SDIO_PowerState_ON
                0x0000000008004d06       0x1c ./Drivers/STM32F4xx_HAL_Driver/Src/stm32f4xx_ll_sdmmc.o
                0x0000000008004d06                SDIO_PowerState_ON
 .text.SDIO_GetPowerState
                0x0000000008004d22       0x1c ./Drivers/STM32F4xx_HAL_Driver/Src/stm32f4xx_ll_sdmmc.o
                0x0000000008004d22                SDIO_GetPowerState
 .text.SDIO_SendCommand
                0x0000000008004d3e       0x54 ./Drivers/STM32F4xx_HAL_Driver/Src/stm32f4xx_ll_sdmmc.o
                0x0000000008004d3e                SDIO_SendCommand
 .text.SDIO_GetCommandResponse
                0x0000000008004d92       0x1a ./Drivers/STM32F4xx_HAL_Driver/Src/stm32f4xx_ll_sdmmc.o
                0x0000000008004d92                SDIO_GetCommandResponse
 .text.SDIO_GetResponse
                0x0000000008004dac       0x26 ./Drivers/STM32F4xx_HAL_Driver/Src/stm32f4xx_ll_sdmmc.o
                0x0000000008004dac                SDIO_GetResponse
 .text.SDIO_ConfigData
                0x0000000008004dd2       0x58 ./Drivers/STM32F4xx_HAL_Driver/Src/stm32f4xx_ll_sdmmc.o
                0x0000000008004dd2                SDIO_ConfigData
 .text.SDMMC_CmdBlockLength
                0x0000000008004e2a       0x44 ./Drivers/STM32F4xx_HAL_Driver/Src/stm32f4xx_ll_sdmmc.o
                0x0000000008004e2a                SDMMC_CmdBlockLength
 .text.SDMMC_CmdReadSingleBlock
                0x0000000008004e6e       0x44 ./Drivers/STM32F4xx_HAL_Driver/Src/stm32f4xx_ll_sdmmc.o
                0x0000000008004e6e                SDMMC_CmdReadSingleBlock
 .text.SDMMC_CmdReadMultiBlock
                0x0000000008004eb2       0x44 ./Drivers/STM32F4xx_HAL_Driver/Src/stm32f4xx_ll_sdmmc.o
                0x0000000008004eb2                SDMMC_CmdReadMultiBlock
 .text.SDMMC_CmdWriteSingleBlock
                0x0000000008004ef6       0x44 ./Drivers/STM32F4xx_HAL_Driver/Src/stm32f4xx_ll_sdmmc.o
                0x0000000008004ef6                SDMMC_CmdWriteSingleBlock
 .text.SDMMC_CmdWriteMultiBlock
                0x0000000008004f3a       0x44 ./Drivers/STM32F4xx_HAL_Driver/Src/stm32f4xx_ll_sdmmc.o
                0x0000000008004f3a                SDMMC_CmdWriteMultiBlock
 *fill*         0x0000000008004f7e        0x2 
 .text.SDMMC_CmdStopTransfer
                0x0000000008004f80       0x44 ./Drivers/STM32F4xx_HAL_Driver/Src/stm32f4xx_ll_sdmmc.o
                0x0000000008004f80                SDMMC_CmdStopTransfer
 .text.SDMMC_CmdSelDesel
                0x0000000008004fc4       0x46 ./Drivers/STM32F4xx_HAL_Driver/Src/stm32f4xx_ll_sdmmc.o
                0x0000000008004fc4                SDMMC_CmdSelDesel
 .text.SDMMC_CmdGoIdleState
                0x000000000800500a       0x3c ./Drivers/STM32F4xx_HAL_Driver/Src/stm32f4xx_ll_sdmmc.o
                0x000000000800500a                SDMMC_CmdGoIdleState
 .text.SDMMC_CmdOperCond
                0x0000000008005046       0x3e ./Drivers/STM32F4xx_HAL_Driver/Src/stm32f4xx_ll_sdmmc.o
                0x0000000008005046                SDMMC_CmdOperCond
 .text.SDMMC_CmdAppCommand
                0x0000000008005084       0x44 ./Drivers/STM32F4xx_HAL_Driver/Src/stm32f4xx_ll_sdmmc.o
                0x0000000008005084                SDMMC_CmdAppCommand
 .text.SDMMC_CmdAppOperCommand
                0x00000000080050c8       0x46 ./Drivers/STM32F4xx_HAL_Driver/Src/stm32f4xx_ll_sdmmc.o
                0x00000000080050c8                SDMMC_CmdAppOperCommand
 .text.SDMMC_CmdSendCID
                0x000000000800510e       0x3c ./Drivers/STM32F4xx_HAL_Driver/Src/stm32f4xx_ll_sdmmc.o
                0x000000000800510e                SDMMC_CmdSendCID
 .text.SDMMC_CmdSendCSD
                0x000000000800514a       0x3e ./Drivers/STM32F4xx_HAL_Driver/Src/stm32f4xx_ll_sdmmc.o
                0x000000000800514a                SDMMC_CmdSendCSD
 .text.SDMMC_CmdSetRelAdd
                0x0000000008005188       0x42 ./Drivers/STM32F4xx_HAL_Driver/Src/stm32f4xx_ll_sdmmc.o
                0x0000000008005188                SDMMC_CmdSetRelAdd
 .text.SDMMC_CmdSendStatus
                0x00000000080051ca       0x44 ./Drivers/STM32F4xx_HAL_Driver/Src/stm32f4xx_ll_sdmmc.o
                0x00000000080051ca                SDMMC_CmdSendStatus
 *fill*         0x000000000800520e        0x2 
 .text.SDMMC_GetCmdResp1
                0x0000000008005210      0x1dc ./Drivers/STM32F4xx_HAL_Driver/Src/stm32f4xx_ll_sdmmc.o
                0x0000000008005210                SDMMC_GetCmdResp1
 .text.SDMMC_GetCmdResp2
                0x00000000080053ec       0x90 ./Drivers/STM32F4xx_HAL_Driver/Src/stm32f4xx_ll_sdmmc.o
                0x00000000080053ec                SDMMC_GetCmdResp2
 .text.SDMMC_GetCmdResp3
                0x000000000800547c       0x7c ./Drivers/STM32F4xx_HAL_Driver/Src/stm32f4xx_ll_sdmmc.o
                0x000000000800547c                SDMMC_GetCmdResp3
 .text.SDMMC_GetCmdResp6
                0x00000000080054f8       0xec ./Drivers/STM32F4xx_HAL_Driver/Src/stm32f4xx_ll_sdmmc.o
                0x00000000080054f8                SDMMC_GetCmdResp6
 .text.SDMMC_GetCmdResp7
                0x00000000080055e4       0x9c ./Drivers/STM32F4xx_HAL_Driver/Src/stm32f4xx_ll_sdmmc.o
                0x00000000080055e4                SDMMC_GetCmdResp7
 .text.SDMMC_GetCmdError
                0x0000000008005680       0x58 ./Drivers/STM32F4xx_HAL_Driver/Src/stm32f4xx_ll_sdmmc.o
 .text.MX_FATFS_Init
                0x00000000080056d8       0x24 ./FATFS/App/fatfs.o
                0x00000000080056d8                MX_FATFS_Init
 .text.get_fattime
                0x00000000080056fc       0x10 ./FATFS/App/fatfs.o
                0x00000000080056fc                get_fattime
 .text.BSP_SD_Init
                0x000000000800570c       0x30 ./FATFS/Target/bsp_driver_sd.o
                0x000000000800570c                BSP_SD_Init
 .text.BSP_SD_ReadBlocks
                0x000000000800573c       0x3c ./FATFS/Target/bsp_driver_sd.o
                0x000000000800573c                BSP_SD_ReadBlocks
 .text.BSP_SD_WriteBlocks
                0x0000000008005778       0x3c ./FATFS/Target/bsp_driver_sd.o
                0x0000000008005778                BSP_SD_WriteBlocks
 .text.BSP_SD_GetCardState
                0x00000000080057b4       0x20 ./FATFS/Target/bsp_driver_sd.o
                0x00000000080057b4                BSP_SD_GetCardState
 .text.BSP_SD_GetCardInfo
                0x00000000080057d4       0x1c ./FATFS/Target/bsp_driver_sd.o
                0x00000000080057d4                BSP_SD_GetCardInfo
 .text.HAL_SD_AbortCallback
                0x00000000080057f0       0x14 ./FATFS/Target/bsp_driver_sd.o
                0x00000000080057f0                HAL_SD_AbortCallback
 .text.HAL_SD_TxCpltCallback
                0x0000000008005804       0x14 ./FATFS/Target/bsp_driver_sd.o
                0x0000000008005804                HAL_SD_TxCpltCallback
 .text.HAL_SD_RxCpltCallback
                0x0000000008005818       0x14 ./FATFS/Target/bsp_driver_sd.o
                0x0000000008005818                HAL_SD_RxCpltCallback
 .text.BSP_SD_AbortCallback
                0x000000000800582c        0xe ./FATFS/Target/bsp_driver_sd.o
                0x000000000800582c                BSP_SD_AbortCallback
 .text.BSP_SD_WriteCpltCallback
                0x000000000800583a        0xe ./FATFS/Target/bsp_driver_sd.o
                0x000000000800583a                BSP_SD_WriteCpltCallback
 .text.BSP_SD_ReadCpltCallback
                0x0000000008005848        0xe ./FATFS/Target/bsp_driver_sd.o
                0x0000000008005848                BSP_SD_ReadCpltCallback
 .text.BSP_SD_IsDetected
                0x0000000008005856       0x24 ./FATFS/Target/bsp_driver_sd.o
                0x0000000008005856                BSP_SD_IsDetected
 *fill*         0x000000000800587a        0x2 
 .text.BSP_PlatformIsDetected
                0x000000000800587c       0x2c ./FATFS/Target/fatfs_platform.o
                0x000000000800587c                BSP_PlatformIsDetected
 .text.SD_CheckStatus
                0x00000000080058a8       0x3c ./FATFS/Target/sd_diskio.o
 .text.SD_initialize
                0x00000000080058e4       0x3c ./FATFS/Target/sd_diskio.o
                0x00000000080058e4                SD_initialize
 .text.SD_status
                0x0000000008005920       0x1c ./FATFS/Target/sd_diskio.o
                0x0000000008005920                SD_status
 .text.SD_read  0x000000000800593c       0x42 ./FATFS/Target/sd_diskio.o
                0x000000000800593c                SD_read
 .text.SD_write
                0x000000000800597e       0x42 ./FATFS/Target/sd_diskio.o
                0x000000000800597e                SD_write
 .text.SD_ioctl
                0x00000000080059c0       0xb0 ./FATFS/Target/sd_diskio.o
                0x00000000080059c0                SD_ioctl
 .text.disk_status
                0x0000000008005a70       0x34 ./Middlewares/Third_Party/FatFs/src/diskio.o
                0x0000000008005a70                disk_status
 .text.disk_initialize
                0x0000000008005aa4       0x4c ./Middlewares/Third_Party/FatFs/src/diskio.o
                0x0000000008005aa4                disk_initialize
 .text.disk_read
                0x0000000008005af0       0x40 ./Middlewares/Third_Party/FatFs/src/diskio.o
                0x0000000008005af0                disk_read
 .text.disk_write
                0x0000000008005b30       0x40 ./Middlewares/Third_Party/FatFs/src/diskio.o
                0x0000000008005b30                disk_write
 .text.disk_ioctl
                0x0000000008005b70       0x3c ./Middlewares/Third_Party/FatFs/src/diskio.o
                0x0000000008005b70                disk_ioctl
 .text.ld_word  0x0000000008005bac       0x30 ./Middlewares/Third_Party/FatFs/src/ff.o
 .text.ld_dword
                0x0000000008005bdc       0x46 ./Middlewares/Third_Party/FatFs/src/ff.o
 .text.st_word  0x0000000008005c22       0x36 ./Middlewares/Third_Party/FatFs/src/ff.o
 .text.st_dword
                0x0000000008005c58       0x58 ./Middlewares/Third_Party/FatFs/src/ff.o
 .text.mem_cpy  0x0000000008005cb0       0x42 ./Middlewares/Third_Party/FatFs/src/ff.o
 .text.mem_set  0x0000000008005cf2       0x36 ./Middlewares/Third_Party/FatFs/src/ff.o
 .text.mem_cmp  0x0000000008005d28       0x4e ./Middlewares/Third_Party/FatFs/src/ff.o
 .text.chk_chr  0x0000000008005d76       0x36 ./Middlewares/Third_Party/FatFs/src/ff.o
 .text.chk_lock
                0x0000000008005dac       0xb8 ./Middlewares/Third_Party/FatFs/src/ff.o
 .text.enq_lock
                0x0000000008005e64       0x44 ./Middlewares/Third_Party/FatFs/src/ff.o
 .text.inc_lock
                0x0000000008005ea8      0x11c ./Middlewares/Third_Party/FatFs/src/ff.o
 .text.dec_lock
                0x0000000008005fc4       0x78 ./Middlewares/Third_Party/FatFs/src/ff.o
 .text.clear_lock
                0x000000000800603c       0x48 ./Middlewares/Third_Party/FatFs/src/ff.o
 .text.sync_window
                0x0000000008006084       0x88 ./Middlewares/Third_Party/FatFs/src/ff.o
 .text.move_window
                0x000000000800610c       0x5a ./Middlewares/Third_Party/FatFs/src/ff.o
 *fill*         0x0000000008006166        0x2 
 .text.sync_fs  0x0000000008006168       0xe0 ./Middlewares/Third_Party/FatFs/src/ff.o
 .text.clust2sect
                0x0000000008006248       0x3e ./Middlewares/Third_Party/FatFs/src/ff.o
 .text.get_fat  0x0000000008006286      0x1a8 ./Middlewares/Third_Party/FatFs/src/ff.o
 .text.put_fat  0x000000000800642e      0x234 ./Middlewares/Third_Party/FatFs/src/ff.o
 .text.remove_chain
                0x0000000008006662       0xca ./Middlewares/Third_Party/FatFs/src/ff.o
 .text.create_chain
                0x000000000800672c      0x130 ./Middlewares/Third_Party/FatFs/src/ff.o
 .text.clmt_clust
                0x000000000800685c       0x70 ./Middlewares/Third_Party/FatFs/src/ff.o
 .text.dir_sdi  0x00000000080068cc      0x112 ./Middlewares/Third_Party/FatFs/src/ff.o
 .text.dir_next
                0x00000000080069de      0x1ac ./Middlewares/Third_Party/FatFs/src/ff.o
 .text.dir_alloc
                0x0000000008006b8a       0x8e ./Middlewares/Third_Party/FatFs/src/ff.o
 .text.ld_clust
                0x0000000008006c18       0x3e ./Middlewares/Third_Party/FatFs/src/ff.o
 .text.st_clust
                0x0000000008006c56       0x40 ./Middlewares/Third_Party/FatFs/src/ff.o
 .text.dir_read
                0x0000000008006c96       0xba ./Middlewares/Third_Party/FatFs/src/ff.o
 .text.dir_find
                0x0000000008006d50       0xaa ./Middlewares/Third_Party/FatFs/src/ff.o
 .text.dir_register
                0x0000000008006dfa       0x64 ./Middlewares/Third_Party/FatFs/src/ff.o
 .text.get_fileinfo
                0x0000000008006e5e       0xbe ./Middlewares/Third_Party/FatFs/src/ff.o
 .text.create_name
                0x0000000008006f1c      0x194 ./Middlewares/Third_Party/FatFs/src/ff.o
 .text.follow_path
                0x00000000080070b0      0x12a ./Middlewares/Third_Party/FatFs/src/ff.o
 .text.get_ldnumber
                0x00000000080071da       0x88 ./Middlewares/Third_Party/FatFs/src/ff.o
 *fill*         0x0000000008007262        0x2 
 .text.check_fs
                0x0000000008007264       0xac ./Middlewares/Third_Party/FatFs/src/ff.o
 .text.find_volume
                0x0000000008007310      0x508 ./Middlewares/Third_Party/FatFs/src/ff.o
 .text.validate
                0x0000000008007818       0x6a ./Middlewares/Third_Party/FatFs/src/ff.o
 *fill*         0x0000000008007882        0x2 
 .text.f_mount  0x0000000008007884       0x8c ./Middlewares/Third_Party/FatFs/src/ff.o
                0x0000000008007884                f_mount
 .text.f_open   0x0000000008007910      0x398 ./Middlewares/Third_Party/FatFs/src/ff.o
                0x0000000008007910                f_open
 .text.f_read   0x0000000008007ca8      0x2be ./Middlewares/Third_Party/FatFs/src/ff.o
                0x0000000008007ca8                f_read
 .text.f_write  0x0000000008007f66      0x328 ./Middlewares/Third_Party/FatFs/src/ff.o
                0x0000000008007f66                f_write
 .text.f_sync   0x000000000800828e       0xfc ./Middlewares/Third_Party/FatFs/src/ff.o
                0x000000000800828e                f_sync
 .text.f_close  0x000000000800838a       0x54 ./Middlewares/Third_Party/FatFs/src/ff.o
                0x000000000800838a                f_close
 .text.f_chdir  0x00000000080083de       0x94 ./Middlewares/Third_Party/FatFs/src/ff.o
                0x00000000080083de                f_chdir
 .text.f_getcwd
                0x0000000008008472      0x1e0 ./Middlewares/Third_Party/FatFs/src/ff.o
                0x0000000008008472                f_getcwd
 .text.f_opendir
                0x0000000008008652       0xe6 ./Middlewares/Third_Party/FatFs/src/ff.o
                0x0000000008008652                f_opendir
 .text.f_closedir
                0x0000000008008738       0x4c ./Middlewares/Third_Party/FatFs/src/ff.o
                0x0000000008008738                f_closedir
 .text.f_readdir
                0x0000000008008784       0x7a ./Middlewares/Third_Party/FatFs/src/ff.o
                0x0000000008008784                f_readdir
 .text.f_truncate
                0x00000000080087fe      0x128 ./Middlewares/Third_Party/FatFs/src/ff.o
                0x00000000080087fe                f_truncate
 *fill*         0x0000000008008926        0x2 
 .text.FATFS_LinkDriverEx
                0x0000000008008928       0x98 ./Middlewares/Third_Party/FatFs/src/ff_gen_drv.o
                0x0000000008008928                FATFS_LinkDriverEx
 .text.FATFS_LinkDriver
                0x00000000080089c0       0x1e ./Middlewares/Third_Party/FatFs/src/ff_gen_drv.o
                0x00000000080089c0                FATFS_LinkDriver
 *fill*         0x00000000080089de        0x2 
 .text.sprintf  0x00000000080089e0       0x40 C:/ST/STM32CubeIDE_1.10.1/STM32CubeIDE/plugins/com.st.stm32cube.ide.mcu.externaltools.gnu-tools-for-stm32.11.3.rel1.win32_1.1.0.202305231506/tools/bin/../lib/gcc/arm-none-eabi/11.3.1/../../../../arm-none-eabi/lib/thumb/v7e-m+fp/hard\libc_nano.a(libc_a-sprintf.o)
                0x00000000080089e0                siprintf
                0x00000000080089e0                sprintf
 .text.memset   0x0000000008008a20       0x10 C:/ST/STM32CubeIDE_1.10.1/STM32CubeIDE/plugins/com.st.stm32cube.ide.mcu.externaltools.gnu-tools-for-stm32.11.3.rel1.win32_1.1.0.202305231506/tools/bin/../lib/gcc/arm-none-eabi/11.3.1/../../../../arm-none-eabi/lib/thumb/v7e-m+fp/hard\libc_nano.a(libc_a-memset.o)
                0x0000000008008a20                memset
 .text.strcat   0x0000000008008a30       0x1e C:/ST/STM32CubeIDE_1.10.1/STM32CubeIDE/plugins/com.st.stm32cube.ide.mcu.externaltools.gnu-tools-for-stm32.11.3.rel1.win32_1.1.0.202305231506/tools/bin/../lib/gcc/arm-none-eabi/11.3.1/../../../../arm-none-eabi/lib/thumb/v7e-m+fp/hard\libc_nano.a(libc_a-strcat.o)
                0x0000000008008a30                strcat
 .text.strncmp  0x0000000008008a4e       0x24 C:/ST/STM32CubeIDE_1.10.1/STM32CubeIDE/plugins/com.st.stm32cube.ide.mcu.externaltools.gnu-tools-for-stm32.11.3.rel1.win32_1.1.0.202305231506/tools/bin/../lib/gcc/arm-none-eabi/11.3.1/../../../../arm-none-eabi/lib/thumb/v7e-m+fp/hard\libc_nano.a(libc_a-strncmp.o)
                0x0000000008008a4e                strncmp
 *fill*         0x0000000008008a72        0x2 
 .text.__errno  0x0000000008008a74        0xc C:/ST/STM32CubeIDE_1.10.1/STM32CubeIDE/plugins/com.st.stm32cube.ide.mcu.externaltools.gnu-tools-for-stm32.11.3.rel1.win32_1.1.0.202305231506/tools/bin/../lib/gcc/arm-none-eabi/11.3.1/../../../../arm-none-eabi/lib/thumb/v7e-m+fp/hard\libc_nano.a(libc_a-errno.o)
                0x0000000008008a74                __errno
 .text.__libc_init_array
                0x0000000008008a80       0x48 C:/ST/STM32CubeIDE_1.10.1/STM32CubeIDE/plugins/com.st.stm32cube.ide.mcu.externaltools.gnu-tools-for-stm32.11.3.rel1.win32_1.1.0.202305231506/tools/bin/../lib/gcc/arm-none-eabi/11.3.1/../../../../arm-none-eabi/lib/thumb/v7e-m+fp/hard\libc_nano.a(libc_a-init.o)
                0x0000000008008a80                __libc_init_array
 .text.__retarget_lock_acquire_recursive
                0x0000000008008ac8        0x2 C:/ST/STM32CubeIDE_1.10.1/STM32CubeIDE/plugins/com.st.stm32cube.ide.mcu.externaltools.gnu-tools-for-stm32.11.3.rel1.win32_1.1.0.202305231506/tools/bin/../lib/gcc/arm-none-eabi/11.3.1/../../../../arm-none-eabi/lib/thumb/v7e-m+fp/hard\libc_nano.a(libc_a-lock.o)
                0x0000000008008ac8                __retarget_lock_acquire_recursive
 .text.__retarget_lock_release_recursive
                0x0000000008008aca        0x2 C:/ST/STM32CubeIDE_1.10.1/STM32CubeIDE/plugins/com.st.stm32cube.ide.mcu.externaltools.gnu-tools-for-stm32.11.3.rel1.win32_1.1.0.202305231506/tools/bin/../lib/gcc/arm-none-eabi/11.3.1/../../../../arm-none-eabi/lib/thumb/v7e-m+fp/hard\libc_nano.a(libc_a-lock.o)
                0x0000000008008aca                __retarget_lock_release_recursive
 .text.memcpy   0x0000000008008acc       0x1c C:/ST/STM32CubeIDE_1.10.1/STM32CubeIDE/plugins/com.st.stm32cube.ide.mcu.externaltools.gnu-tools-for-stm32.11.3.rel1.win32_1.1.0.202305231506/tools/bin/../lib/gcc/arm-none-eabi/11.3.1/../../../../arm-none-eabi/lib/thumb/v7e-m+fp/hard\libc_nano.a(libc_a-memcpy-stub.o)
                0x0000000008008acc                memcpy
 .text._free_r  0x0000000008008ae8       0x98 C:/ST/STM32CubeIDE_1.10.1/STM32CubeIDE/plugins/com.st.stm32cube.ide.mcu.externaltools.gnu-tools-for-stm32.11.3.rel1.win32_1.1.0.202305231506/tools/bin/../lib/gcc/arm-none-eabi/11.3.1/../../../../arm-none-eabi/lib/thumb/v7e-m+fp/hard\libc_nano.a(libc_a-freer.o)
                0x0000000008008ae8                _free_r
 .text.sbrk_aligned
                0x0000000008008b80       0x40 C:/ST/STM32CubeIDE_1.10.1/STM32CubeIDE/plugins/com.st.stm32cube.ide.mcu.externaltools.gnu-tools-for-stm32.11.3.rel1.win32_1.1.0.202305231506/tools/bin/../lib/gcc/arm-none-eabi/11.3.1/../../../../arm-none-eabi/lib/thumb/v7e-m+fp/hard\libc_nano.a(libc_a-mallocr.o)
 .text._malloc_r
                0x0000000008008bc0      0x100 C:/ST/STM32CubeIDE_1.10.1/STM32CubeIDE/plugins/com.st.stm32cube.ide.mcu.externaltools.gnu-tools-for-stm32.11.3.rel1.win32_1.1.0.202305231506/tools/bin/../lib/gcc/arm-none-eabi/11.3.1/../../../../arm-none-eabi/lib/thumb/v7e-m+fp/hard\libc_nano.a(libc_a-mallocr.o)
                0x0000000008008bc0                _malloc_r
 .text.__malloc_lock
                0x0000000008008cc0        0xc C:/ST/STM32CubeIDE_1.10.1/STM32CubeIDE/plugins/com.st.stm32cube.ide.mcu.externaltools.gnu-tools-for-stm32.11.3.rel1.win32_1.1.0.202305231506/tools/bin/../lib/gcc/arm-none-eabi/11.3.1/../../../../arm-none-eabi/lib/thumb/v7e-m+fp/hard\libc_nano.a(libc_a-mlock.o)
                0x0000000008008cc0                __malloc_lock
 .text.__malloc_unlock
                0x0000000008008ccc        0xc C:/ST/STM32CubeIDE_1.10.1/STM32CubeIDE/plugins/com.st.stm32cube.ide.mcu.externaltools.gnu-tools-for-stm32.11.3.rel1.win32_1.1.0.202305231506/tools/bin/../lib/gcc/arm-none-eabi/11.3.1/../../../../arm-none-eabi/lib/thumb/v7e-m+fp/hard\libc_nano.a(libc_a-mlock.o)
                0x0000000008008ccc                __malloc_unlock
 .text.__ssputs_r
                0x0000000008008cd8       0xb4 C:/ST/STM32CubeIDE_1.10.1/STM32CubeIDE/plugins/com.st.stm32cube.ide.mcu.externaltools.gnu-tools-for-stm32.11.3.rel1.win32_1.1.0.202305231506/tools/bin/../lib/gcc/arm-none-eabi/11.3.1/../../../../arm-none-eabi/lib/thumb/v7e-m+fp/hard\libc_nano.a(libc_a-nano-svfprintf.o)
                0x0000000008008cd8                __ssputs_r
 .text._svfprintf_r
                0x0000000008008d8c      0x1fc C:/ST/STM32CubeIDE_1.10.1/STM32CubeIDE/plugins/com.st.stm32cube.ide.mcu.externaltools.gnu-tools-for-stm32.11.3.rel1.win32_1.1.0.202305231506/tools/bin/../lib/gcc/arm-none-eabi/11.3.1/../../../../arm-none-eabi/lib/thumb/v7e-m+fp/hard\libc_nano.a(libc_a-nano-svfprintf.o)
                0x0000000008008d8c                _svfiprintf_r
                0x0000000008008d8c                _svfprintf_r
 .text._printf_common
                0x0000000008008f88       0xda C:/ST/STM32CubeIDE_1.10.1/STM32CubeIDE/plugins/com.st.stm32cube.ide.mcu.externaltools.gnu-tools-for-stm32.11.3.rel1.win32_1.1.0.202305231506/tools/bin/../lib/gcc/arm-none-eabi/11.3.1/../../../../arm-none-eabi/lib/thumb/v7e-m+fp/hard\libc_nano.a(libc_a-nano-vfprintf_i.o)
                0x0000000008008f88                _printf_common
 *fill*         0x0000000008009062        0x2 
 .text._printf_i
                0x0000000008009064      0x244 C:/ST/STM32CubeIDE_1.10.1/STM32CubeIDE/plugins/com.st.stm32cube.ide.mcu.externaltools.gnu-tools-for-stm32.11.3.rel1.win32_1.1.0.202305231506/tools/bin/../lib/gcc/arm-none-eabi/11.3.1/../../../../arm-none-eabi/lib/thumb/v7e-m+fp/hard\libc_nano.a(libc_a-nano-vfprintf_i.o)
                0x0000000008009064                _printf_i
 .text.memmove  0x00000000080092a8       0x34 C:/ST/STM32CubeIDE_1.10.1/STM32CubeIDE/plugins/com.st.stm32cube.ide.mcu.externaltools.gnu-tools-for-stm32.11.3.rel1.win32_1.1.0.202305231506/tools/bin/../lib/gcc/arm-none-eabi/11.3.1/../../../../arm-none-eabi/lib/thumb/v7e-m+fp/hard\libc_nano.a(libc_a-memmove.o)
                0x00000000080092a8                memmove
 .text._sbrk_r  0x00000000080092dc       0x20 C:/ST/STM32CubeIDE_1.10.1/STM32CubeIDE/plugins/com.st.stm32cube.ide.mcu.externaltools.gnu-tools-for-stm32.11.3.rel1.win32_1.1.0.202305231506/tools/bin/../lib/gcc/arm-none-eabi/11.3.1/../../../../arm-none-eabi/lib/thumb/v7e-m+fp/hard\libc_nano.a(libc_a-sbrkr.o)
                0x00000000080092dc                _sbrk_r
 .text._realloc_r
                0x00000000080092fc       0x5e C:/ST/STM32CubeIDE_1.10.1/STM32CubeIDE/plugins/com.st.stm32cube.ide.mcu.externaltools.gnu-tools-for-stm32.11.3.rel1.win32_1.1.0.202305231506/tools/bin/../lib/gcc/arm-none-eabi/11.3.1/../../../../arm-none-eabi/lib/thumb/v7e-m+fp/hard\libc_nano.a(libc_a-reallocr.o)
                0x00000000080092fc                _realloc_r
 .text._malloc_usable_size_r
                0x000000000800935a       0x10 C:/ST/STM32CubeIDE_1.10.1/STM32CubeIDE/plugins/com.st.stm32cube.ide.mcu.externaltools.gnu-tools-for-stm32.11.3.rel1.win32_1.1.0.202305231506/tools/bin/../lib/gcc/arm-none-eabi/11.3.1/../../../../arm-none-eabi/lib/thumb/v7e-m+fp/hard\libc_nano.a(libc_a-msizer.o)
                0x000000000800935a                _malloc_usable_size_r
 *(.glue_7)
 .glue_7        0x000000000800936a        0x0 linker stubs
 *(.glue_7t)
 .glue_7t       0x000000000800936a        0x0 linker stubs
 *(.eh_frame)
 *fill*         0x000000000800936a        0x2 
 .eh_frame      0x000000000800936c        0x0 C:/ST/STM32CubeIDE_1.10.1/STM32CubeIDE/plugins/com.st.stm32cube.ide.mcu.externaltools.gnu-tools-for-stm32.11.3.rel1.win32_1.1.0.202305231506/tools/bin/../lib/gcc/arm-none-eabi/11.3.1/thumb/v7e-m+fp/hard/crtbegin.o
 *(.init)
 .init          0x000000000800936c        0x4 C:/ST/STM32CubeIDE_1.10.1/STM32CubeIDE/plugins/com.st.stm32cube.ide.mcu.externaltools.gnu-tools-for-stm32.11.3.rel1.win32_1.1.0.202305231506/tools/bin/../lib/gcc/arm-none-eabi/11.3.1/thumb/v7e-m+fp/hard/crti.o
                0x000000000800936c                _init
 .init          0x0000000008009370        0x8 C:/ST/STM32CubeIDE_1.10.1/STM32CubeIDE/plugins/com.st.stm32cube.ide.mcu.externaltools.gnu-tools-for-stm32.11.3.rel1.win32_1.1.0.202305231506/tools/bin/../lib/gcc/arm-none-eabi/11.3.1/thumb/v7e-m+fp/hard/crtn.o
 *(.fini)
 .fini          0x0000000008009378        0x4 C:/ST/STM32CubeIDE_1.10.1/STM32CubeIDE/plugins/com.st.stm32cube.ide.mcu.externaltools.gnu-tools-for-stm32.11.3.rel1.win32_1.1.0.202305231506/tools/bin/../lib/gcc/arm-none-eabi/11.3.1/thumb/v7e-m+fp/hard/crti.o
                0x0000000008009378                _fini
 .fini          0x000000000800937c        0x8 C:/ST/STM32CubeIDE_1.10.1/STM32CubeIDE/plugins/com.st.stm32cube.ide.mcu.externaltools.gnu-tools-for-stm32.11.3.rel1.win32_1.1.0.202305231506/tools/bin/../lib/gcc/arm-none-eabi/11.3.1/thumb/v7e-m+fp/hard/crtn.o
                0x0000000008009384                . = ALIGN (0x4)
                0x0000000008009384                _etext = .

.vfp11_veneer   0x0000000008009384        0x0
 .vfp11_veneer  0x0000000008009384        0x0 linker stubs

.v4_bx          0x0000000008009384        0x0
 .v4_bx         0x0000000008009384        0x0 linker stubs

.iplt           0x0000000008009384        0x0
 .iplt          0x0000000008009384        0x0 C:/ST/STM32CubeIDE_1.10.1/STM32CubeIDE/plugins/com.st.stm32cube.ide.mcu.externaltools.gnu-tools-for-stm32.11.3.rel1.win32_1.1.0.202305231506/tools/bin/../lib/gcc/arm-none-eabi/11.3.1/thumb/v7e-m+fp/hard/crtbegin.o

.rodata         0x0000000008009384      0x294
                0x0000000008009384                . = ALIGN (0x4)
 *(.rodata)
 .rodata        0x0000000008009384      0x170 ./Core/Src/main.o
 .rodata        0x00000000080094f4       0x44 ./Middlewares/Third_Party/FatFs/src/ff.o
 *(.rodata*)
 .rodata.AHBPrescTable
                0x0000000008009538       0x10 ./Core/Src/system_stm32f4xx.o
                0x0000000008009538                AHBPrescTable
 .rodata.APBPrescTable
                0x0000000008009548        0x8 ./Core/Src/system_stm32f4xx.o
                0x0000000008009548                APBPrescTable
 .rodata.SD_Driver
                0x0000000008009550       0x14 ./FATFS/Target/sd_diskio.o
                0x0000000008009550                SD_Driver
 .rodata.ExCvt  0x0000000008009564       0x80 ./Middlewares/Third_Party/FatFs/src/ff.o
 .rodata._svfprintf_r.str1.1
                0x00000000080095e4       0x11 C:/ST/STM32CubeIDE_1.10.1/STM32CubeIDE/plugins/com.st.stm32cube.ide.mcu.externaltools.gnu-tools-for-stm32.11.3.rel1.win32_1.1.0.202305231506/tools/bin/../lib/gcc/arm-none-eabi/11.3.1/../../../../arm-none-eabi/lib/thumb/v7e-m+fp/hard\libc_nano.a(libc_a-nano-svfprintf.o)
 .rodata._printf_i.str1.1
                0x00000000080095f5       0x22 C:/ST/STM32CubeIDE_1.10.1/STM32CubeIDE/plugins/com.st.stm32cube.ide.mcu.externaltools.gnu-tools-for-stm32.11.3.rel1.win32_1.1.0.202305231506/tools/bin/../lib/gcc/arm-none-eabi/11.3.1/../../../../arm-none-eabi/lib/thumb/v7e-m+fp/hard\libc_nano.a(libc_a-nano-vfprintf_i.o)
                0x0000000008009618                . = ALIGN (0x4)
 *fill*         0x0000000008009617        0x1 

.ARM.extab      0x0000000008009618        0x0
                0x0000000008009618                . = ALIGN (0x4)
 *(.ARM.extab* .gnu.linkonce.armextab.*)
                0x0000000008009618                . = ALIGN (0x4)

.ARM            0x0000000008009618        0x8
                0x0000000008009618                . = ALIGN (0x4)
                0x0000000008009618                __exidx_start = .
 *(.ARM.exidx*)
 .ARM.exidx     0x0000000008009618        0x8 C:/ST/STM32CubeIDE_1.10.1/STM32CubeIDE/plugins/com.st.stm32cube.ide.mcu.externaltools.gnu-tools-for-stm32.11.3.rel1.win32_1.1.0.202305231506/tools/bin/../lib/gcc/arm-none-eabi/11.3.1/thumb/v7e-m+fp/hard\libgcc.a(_udivmoddi4.o)
                0x0000000008009620                __exidx_end = .
                0x0000000008009620                . = ALIGN (0x4)

.rel.dyn        0x0000000008009620        0x0
 .rel.iplt      0x0000000008009620        0x0 C:/ST/STM32CubeIDE_1.10.1/STM32CubeIDE/plugins/com.st.stm32cube.ide.mcu.externaltools.gnu-tools-for-stm32.11.3.rel1.win32_1.1.0.202305231506/tools/bin/../lib/gcc/arm-none-eabi/11.3.1/thumb/v7e-m+fp/hard/crtbegin.o

.preinit_array  0x0000000008009620        0x0
                0x0000000008009620                . = ALIGN (0x4)
                0x0000000008009620                PROVIDE (__preinit_array_start = .)
 *(.preinit_array*)
                0x0000000008009620                PROVIDE (__preinit_array_end = .)
                0x0000000008009620                . = ALIGN (0x4)

.init_array     0x0000000008009620        0x4
                0x0000000008009620                . = ALIGN (0x4)
                0x0000000008009620                PROVIDE (__init_array_start = .)
 *(SORT_BY_NAME(.init_array.*))
 *(.init_array*)
 .init_array    0x0000000008009620        0x4 C:/ST/STM32CubeIDE_1.10.1/STM32CubeIDE/plugins/com.st.stm32cube.ide.mcu.externaltools.gnu-tools-for-stm32.11.3.rel1.win32_1.1.0.202305231506/tools/bin/../lib/gcc/arm-none-eabi/11.3.1/thumb/v7e-m+fp/hard/crtbegin.o
                0x0000000008009624                PROVIDE (__init_array_end = .)
                0x0000000008009624                . = ALIGN (0x4)

.fini_array     0x0000000008009624        0x4
                0x0000000008009624                . = ALIGN (0x4)
                [!provide]                        PROVIDE (__fini_array_start = .)
 *(SORT_BY_NAME(.fini_array.*))
 *(.fini_array*)
 .fini_array    0x0000000008009624        0x4 C:/ST/STM32CubeIDE_1.10.1/STM32CubeIDE/plugins/com.st.stm32cube.ide.mcu.externaltools.gnu-tools-for-stm32.11.3.rel1.win32_1.1.0.202305231506/tools/bin/../lib/gcc/arm-none-eabi/11.3.1/thumb/v7e-m+fp/hard/crtbegin.o
                [!provide]                        PROVIDE (__fini_array_end = .)
                0x0000000008009628                . = ALIGN (0x4)
                0x0000000008009628                _sidata = LOADADDR (.data)

.data           0x0000000020000000       0x60 load address 0x0000000008009628
                0x0000000020000000                . = ALIGN (0x4)
                0x0000000020000000                _sdata = .
 *(.data)
 *(.data*)
 .data.level_state
                0x0000000020000000        0x1 ./Core/Src/main.o
                0x0000000020000000                level_state
 *fill*         0x0000000020000001        0x3 
 .data.SystemCoreClock
                0x0000000020000004        0x4 ./Core/Src/system_stm32f4xx.o
                0x0000000020000004                SystemCoreClock
 .data.uwTickPrio
                0x0000000020000008        0x4 ./Drivers/STM32F4xx_HAL_Driver/Src/stm32f4xx_hal.o
                0x0000000020000008                uwTickPrio
 .data.uwTickFreq
                0x000000002000000c        0x1 ./Drivers/STM32F4xx_HAL_Driver/Src/stm32f4xx_hal.o
                0x000000002000000c                uwTickFreq
 .data.Stat     0x000000002000000d        0x1 ./FATFS/Target/sd_diskio.o
 *fill*         0x000000002000000e        0x2 
 .data._impure_data
                0x0000000020000010       0x4c C:/ST/STM32CubeIDE_1.10.1/STM32CubeIDE/plugins/com.st.stm32cube.ide.mcu.externaltools.gnu-tools-for-stm32.11.3.rel1.win32_1.1.0.202305231506/tools/bin/../lib/gcc/arm-none-eabi/11.3.1/../../../../arm-none-eabi/lib/thumb/v7e-m+fp/hard\libc_nano.a(libc_a-impure.o)
                0x0000000020000010                _impure_data
 .data._impure_ptr
                0x000000002000005c        0x4 C:/ST/STM32CubeIDE_1.10.1/STM32CubeIDE/plugins/com.st.stm32cube.ide.mcu.externaltools.gnu-tools-for-stm32.11.3.rel1.win32_1.1.0.202305231506/tools/bin/../lib/gcc/arm-none-eabi/11.3.1/../../../../arm-none-eabi/lib/thumb/v7e-m+fp/hard\libc_nano.a(libc_a-impure.o)
                0x000000002000005c                _impure_ptr
 *(.RamFunc)
 *(.RamFunc*)
                0x0000000020000060                . = ALIGN (0x4)
                0x0000000020000060                _edata = .
                0x0000000008009688                _siccmram = LOADADDR (.ccmram)

.igot.plt       0x0000000020000060        0x0 load address 0x0000000008009688
 .igot.plt      0x0000000020000060        0x0 C:/ST/STM32CubeIDE_1.10.1/STM32CubeIDE/plugins/com.st.stm32cube.ide.mcu.externaltools.gnu-tools-for-stm32.11.3.rel1.win32_1.1.0.202305231506/tools/bin/../lib/gcc/arm-none-eabi/11.3.1/thumb/v7e-m+fp/hard/crtbegin.o

.ccmram         0x0000000010000000        0x0 load address 0x0000000008009688
                0x0000000010000000                . = ALIGN (0x4)
                0x0000000010000000                _sccmram = .
 *(.ccmram)
 *(.ccmram*)
                0x0000000010000000                . = ALIGN (0x4)
                0x0000000010000000                _eccmram = .
                0x0000000010000000                . = ALIGN (0x4)

.bss            0x0000000020000060     0x2be8
                0x0000000020000060                _sbss = .
                0x0000000020000060                __bss_start__ = _sbss
 *(.bss)
 .bss           0x0000000020000060       0x1c C:/ST/STM32CubeIDE_1.10.1/STM32CubeIDE/plugins/com.st.stm32cube.ide.mcu.externaltools.gnu-tools-for-stm32.11.3.rel1.win32_1.1.0.202305231506/tools/bin/../lib/gcc/arm-none-eabi/11.3.1/thumb/v7e-m+fp/hard/crtbegin.o
 *(.bss*)
 .bss.hsd       0x000000002000007c       0x84 ./Core/Src/main.o
                0x000000002000007c                hsd
 .bss.huart1    0x0000000020000100       0x44 ./Core/Src/main.o
                0x0000000020000100                huart1
 .bss.fatfs     0x0000000020000144     0x1038 ./Core/Src/main.o
                0x0000000020000144                fatfs
 .bss.myfile    0x000000002000117c     0x1030 ./Core/Src/main.o
                0x000000002000117c                myfile
 .bss.fresult   0x00000000200021ac        0x1 ./Core/Src/main.o
                0x00000000200021ac                fresult
 *fill*         0x00000000200021ad        0x3 
 .bss.fno       0x00000000200021b0       0x18 ./Core/Src/main.o
                0x00000000200021b0                fno
 .bss.dir       0x00000000200021c8       0x30 ./Core/Src/main.o
                0x00000000200021c8                dir
 .bss.cmd       0x00000000200021f8       0x64 ./Core/Src/main.o
                0x00000000200021f8                cmd
 .bss.buff_read
                0x000000002000225c      0x3e8 ./Core/Src/main.o
                0x000000002000225c                buff_read
 .bss.buff_write
                0x0000000020002644      0x3e8 ./Core/Src/main.o
                0x0000000020002644                buff_write
 .bss.byte_read
                0x0000000020002a2c        0x4 ./Core/Src/main.o
                0x0000000020002a2c                byte_read
 .bss.cmd_buf_index
                0x0000000020002a30        0x1 ./Core/Src/main.o
                0x0000000020002a30                cmd_buf_index
 .bss.write_buf_index
                0x0000000020002a31        0x1 ./Core/Src/main.o
                0x0000000020002a31                write_buf_index
 .bss.cmd_length
                0x0000000020002a32        0x1 ./Core/Src/main.o
                0x0000000020002a32                cmd_length
 *fill*         0x0000000020002a33        0x1 
 .bss.path      0x0000000020002a34       0x20 ./Core/Src/main.o
                0x0000000020002a34                path
 .bss.mess_buff
                0x0000000020002a54       0x64 ./Core/Src/main.o
                0x0000000020002a54                mess_buff
 .bss.level     0x0000000020002ab8        0x1 ./Core/Src/main.o
                0x0000000020002ab8                level
 .bss.cmd_state
                0x0000000020002ab9        0x1 ./Core/Src/main.o
                0x0000000020002ab9                cmd_state
 .bss.mode      0x0000000020002aba        0x1 ./Core/Src/main.o
                0x0000000020002aba                mode
 .bss.cmd_line  0x0000000020002abb        0x1 ./Core/Src/main.o
                0x0000000020002abb                cmd_line
 .bss.__sbrk_heap_end
                0x0000000020002abc        0x4 ./Core/Src/sysmem.o
 .bss.uwTick    0x0000000020002ac0        0x4 ./Drivers/STM32F4xx_HAL_Driver/Src/stm32f4xx_hal.o
                0x0000000020002ac0                uwTick
 .bss.retSD     0x0000000020002ac4        0x1 ./FATFS/App/fatfs.o
                0x0000000020002ac4                retSD
 *fill*         0x0000000020002ac5        0x3 
 .bss.SDPath    0x0000000020002ac8        0x4 ./FATFS/App/fatfs.o
                0x0000000020002ac8                SDPath
 .bss.FatFs     0x0000000020002acc        0x4 ./Middlewares/Third_Party/FatFs/src/ff.o
 .bss.Fsid      0x0000000020002ad0        0x2 ./Middlewares/Third_Party/FatFs/src/ff.o
 *fill*         0x0000000020002ad2        0x2 
 .bss.Files     0x0000000020002ad4       0x20 ./Middlewares/Third_Party/FatFs/src/ff.o
 .bss.disk      0x0000000020002af4        0xc ./Middlewares/Third_Party/FatFs/src/ff_gen_drv.o
                0x0000000020002af4                disk
 .bss.__sf      0x0000000020002b00      0x138 C:/ST/STM32CubeIDE_1.10.1/STM32CubeIDE/plugins/com.st.stm32cube.ide.mcu.externaltools.gnu-tools-for-stm32.11.3.rel1.win32_1.1.0.202305231506/tools/bin/../lib/gcc/arm-none-eabi/11.3.1/../../../../arm-none-eabi/lib/thumb/v7e-m+fp/hard\libc_nano.a(libc_a-findfp.o)
                0x0000000020002b00                __sf
 .bss.errno     0x0000000020002c38        0x4 C:/ST/STM32CubeIDE_1.10.1/STM32CubeIDE/plugins/com.st.stm32cube.ide.mcu.externaltools.gnu-tools-for-stm32.11.3.rel1.win32_1.1.0.202305231506/tools/bin/../lib/gcc/arm-none-eabi/11.3.1/../../../../arm-none-eabi/lib/thumb/v7e-m+fp/hard\libc_nano.a(libc_a-reent.o)
                0x0000000020002c38                errno
 .bss.__lock___malloc_recursive_mutex
                0x0000000020002c3c        0x1 C:/ST/STM32CubeIDE_1.10.1/STM32CubeIDE/plugins/com.st.stm32cube.ide.mcu.externaltools.gnu-tools-for-stm32.11.3.rel1.win32_1.1.0.202305231506/tools/bin/../lib/gcc/arm-none-eabi/11.3.1/../../../../arm-none-eabi/lib/thumb/v7e-m+fp/hard\libc_nano.a(libc_a-lock.o)
                0x0000000020002c3c                __lock___malloc_recursive_mutex
 *fill*         0x0000000020002c3d        0x3 
 .bss.__malloc_free_list
                0x0000000020002c40        0x4 C:/ST/STM32CubeIDE_1.10.1/STM32CubeIDE/plugins/com.st.stm32cube.ide.mcu.externaltools.gnu-tools-for-stm32.11.3.rel1.win32_1.1.0.202305231506/tools/bin/../lib/gcc/arm-none-eabi/11.3.1/../../../../arm-none-eabi/lib/thumb/v7e-m+fp/hard\libc_nano.a(libc_a-mallocr.o)
                0x0000000020002c40                __malloc_free_list
 .bss.__malloc_sbrk_start
                0x0000000020002c44        0x4 C:/ST/STM32CubeIDE_1.10.1/STM32CubeIDE/plugins/com.st.stm32cube.ide.mcu.externaltools.gnu-tools-for-stm32.11.3.rel1.win32_1.1.0.202305231506/tools/bin/../lib/gcc/arm-none-eabi/11.3.1/../../../../arm-none-eabi/lib/thumb/v7e-m+fp/hard\libc_nano.a(libc_a-mallocr.o)
                0x0000000020002c44                __malloc_sbrk_start
 *(COMMON)
                0x0000000020002c48                . = ALIGN (0x4)
                0x0000000020002c48                _ebss = .
                0x0000000020002c48                __bss_end__ = _ebss

._user_heap_stack
                0x0000000020002c48      0xc00
                0x0000000020002c48                . = ALIGN (0x8)
                [!provide]                        PROVIDE (end = .)
                0x0000000020002c48                PROVIDE (_end = .)
                0x0000000020003048                . = (. + _Min_Heap_Size)
 *fill*         0x0000000020002c48      0x400 
                0x0000000020003848                . = (. + _Min_Stack_Size)
 *fill*         0x0000000020003048      0x800 
                0x0000000020003848                . = ALIGN (0x8)

/DISCARD/
 libc.a(*)
 libm.a(*)
 libgcc.a(*)

.ARM.attributes
                0x0000000000000000       0x30
 *(.ARM.attributes)
 .ARM.attributes
                0x0000000000000000       0x1e C:/ST/STM32CubeIDE_1.10.1/STM32CubeIDE/plugins/com.st.stm32cube.ide.mcu.externaltools.gnu-tools-for-stm32.11.3.rel1.win32_1.1.0.202305231506/tools/bin/../lib/gcc/arm-none-eabi/11.3.1/thumb/v7e-m+fp/hard/crti.o
 .ARM.attributes
                0x000000000000001e       0x34 C:/ST/STM32CubeIDE_1.10.1/STM32CubeIDE/plugins/com.st.stm32cube.ide.mcu.externaltools.gnu-tools-for-stm32.11.3.rel1.win32_1.1.0.202305231506/tools/bin/../lib/gcc/arm-none-eabi/11.3.1/thumb/v7e-m+fp/hard/crtbegin.o
 .ARM.attributes
                0x0000000000000052       0x34 ./Core/Src/main.o
 .ARM.attributes
                0x0000000000000086       0x34 ./Core/Src/stm32f4xx_hal_msp.o
 .ARM.attributes
                0x00000000000000ba       0x34 ./Core/Src/stm32f4xx_it.o
 .ARM.attributes
                0x00000000000000ee       0x34 ./Core/Src/sysmem.o
 .ARM.attributes
                0x0000000000000122       0x34 ./Core/Src/system_stm32f4xx.o
 .ARM.attributes
                0x0000000000000156       0x21 ./Core/Startup/startup_stm32f407vgtx.o
 .ARM.attributes
                0x0000000000000177       0x34 ./Drivers/STM32F4xx_HAL_Driver/Src/stm32f4xx_hal.o
 .ARM.attributes
                0x00000000000001ab       0x34 ./Drivers/STM32F4xx_HAL_Driver/Src/stm32f4xx_hal_cortex.o
 .ARM.attributes
                0x00000000000001df       0x34 ./Drivers/STM32F4xx_HAL_Driver/Src/stm32f4xx_hal_dma.o
 .ARM.attributes
                0x0000000000000213       0x34 ./Drivers/STM32F4xx_HAL_Driver/Src/stm32f4xx_hal_gpio.o
 .ARM.attributes
                0x0000000000000247       0x34 ./Drivers/STM32F4xx_HAL_Driver/Src/stm32f4xx_hal_rcc.o
 .ARM.attributes
                0x000000000000027b       0x34 ./Drivers/STM32F4xx_HAL_Driver/Src/stm32f4xx_hal_sd.o
 .ARM.attributes
                0x00000000000002af       0x34 ./Drivers/STM32F4xx_HAL_Driver/Src/stm32f4xx_hal_uart.o
 .ARM.attributes
                0x00000000000002e3       0x34 ./Drivers/STM32F4xx_HAL_Driver/Src/stm32f4xx_ll_sdmmc.o
 .ARM.attributes
                0x0000000000000317       0x34 ./FATFS/App/fatfs.o
 .ARM.attributes
                0x000000000000034b       0x34 ./FATFS/Target/bsp_driver_sd.o
 .ARM.attributes
                0x000000000000037f       0x34 ./FATFS/Target/fatfs_platform.o
 .ARM.attributes
                0x00000000000003b3       0x34 ./FATFS/Target/sd_diskio.o
 .ARM.attributes
                0x00000000000003e7       0x34 ./Middlewares/Third_Party/FatFs/src/diskio.o
 .ARM.attributes
                0x000000000000041b       0x34 ./Middlewares/Third_Party/FatFs/src/ff.o
 .ARM.attributes
                0x000000000000044f       0x34 ./Middlewares/Third_Party/FatFs/src/ff_gen_drv.o
 .ARM.attributes
                0x0000000000000483       0x34 C:/ST/STM32CubeIDE_1.10.1/STM32CubeIDE/plugins/com.st.stm32cube.ide.mcu.externaltools.gnu-tools-for-stm32.11.3.rel1.win32_1.1.0.202305231506/tools/bin/../lib/gcc/arm-none-eabi/11.3.1/../../../../arm-none-eabi/lib/thumb/v7e-m+fp/hard\libc_nano.a(libc_a-findfp.o)
 .ARM.attributes
                0x00000000000004b7       0x34 C:/ST/STM32CubeIDE_1.10.1/STM32CubeIDE/plugins/com.st.stm32cube.ide.mcu.externaltools.gnu-tools-for-stm32.11.3.rel1.win32_1.1.0.202305231506/tools/bin/../lib/gcc/arm-none-eabi/11.3.1/../../../../arm-none-eabi/lib/thumb/v7e-m+fp/hard\libc_nano.a(libc_a-sprintf.o)
 .ARM.attributes
                0x00000000000004eb       0x34 C:/ST/STM32CubeIDE_1.10.1/STM32CubeIDE/plugins/com.st.stm32cube.ide.mcu.externaltools.gnu-tools-for-stm32.11.3.rel1.win32_1.1.0.202305231506/tools/bin/../lib/gcc/arm-none-eabi/11.3.1/../../../../arm-none-eabi/lib/thumb/v7e-m+fp/hard\libc_nano.a(libc_a-memset.o)
 .ARM.attributes
                0x000000000000051f       0x34 C:/ST/STM32CubeIDE_1.10.1/STM32CubeIDE/plugins/com.st.stm32cube.ide.mcu.externaltools.gnu-tools-for-stm32.11.3.rel1.win32_1.1.0.202305231506/tools/bin/../lib/gcc/arm-none-eabi/11.3.1/../../../../arm-none-eabi/lib/thumb/v7e-m+fp/hard\libc_nano.a(libc_a-strcat.o)
 .ARM.attributes
                0x0000000000000553       0x34 C:/ST/STM32CubeIDE_1.10.1/STM32CubeIDE/plugins/com.st.stm32cube.ide.mcu.externaltools.gnu-tools-for-stm32.11.3.rel1.win32_1.1.0.202305231506/tools/bin/../lib/gcc/arm-none-eabi/11.3.1/../../../../arm-none-eabi/lib/thumb/v7e-m+fp/hard\libc_nano.a(libc_a-strncmp.o)
 .ARM.attributes
                0x0000000000000587       0x34 C:/ST/STM32CubeIDE_1.10.1/STM32CubeIDE/plugins/com.st.stm32cube.ide.mcu.externaltools.gnu-tools-for-stm32.11.3.rel1.win32_1.1.0.202305231506/tools/bin/../lib/gcc/arm-none-eabi/11.3.1/../../../../arm-none-eabi/lib/thumb/v7e-m+fp/hard\libc_nano.a(libc_a-reent.o)
 .ARM.attributes
                0x00000000000005bb       0x34 C:/ST/STM32CubeIDE_1.10.1/STM32CubeIDE/plugins/com.st.stm32cube.ide.mcu.externaltools.gnu-tools-for-stm32.11.3.rel1.win32_1.1.0.202305231506/tools/bin/../lib/gcc/arm-none-eabi/11.3.1/../../../../arm-none-eabi/lib/thumb/v7e-m+fp/hard\libc_nano.a(libc_a-impure.o)
 .ARM.attributes
                0x00000000000005ef       0x34 C:/ST/STM32CubeIDE_1.10.1/STM32CubeIDE/plugins/com.st.stm32cube.ide.mcu.externaltools.gnu-tools-for-stm32.11.3.rel1.win32_1.1.0.202305231506/tools/bin/../lib/gcc/arm-none-eabi/11.3.1/../../../../arm-none-eabi/lib/thumb/v7e-m+fp/hard\libc_nano.a(libc_a-errno.o)
 .ARM.attributes
                0x0000000000000623       0x34 C:/ST/STM32CubeIDE_1.10.1/STM32CubeIDE/plugins/com.st.stm32cube.ide.mcu.externaltools.gnu-tools-for-stm32.11.3.rel1.win32_1.1.0.202305231506/tools/bin/../lib/gcc/arm-none-eabi/11.3.1/../../../../arm-none-eabi/lib/thumb/v7e-m+fp/hard\libc_nano.a(libc_a-init.o)
 .ARM.attributes
                0x0000000000000657       0x34 C:/ST/STM32CubeIDE_1.10.1/STM32CubeIDE/plugins/com.st.stm32cube.ide.mcu.externaltools.gnu-tools-for-stm32.11.3.rel1.win32_1.1.0.202305231506/tools/bin/../lib/gcc/arm-none-eabi/11.3.1/../../../../arm-none-eabi/lib/thumb/v7e-m+fp/hard\libc_nano.a(libc_a-lock.o)
 .ARM.attributes
                0x000000000000068b       0x1c C:/ST/STM32CubeIDE_1.10.1/STM32CubeIDE/plugins/com.st.stm32cube.ide.mcu.externaltools.gnu-tools-for-stm32.11.3.rel1.win32_1.1.0.202305231506/tools/bin/../lib/gcc/arm-none-eabi/11.3.1/../../../../arm-none-eabi/lib/thumb/v7e-m+fp/hard\libc_nano.a(libc_a-strcmp.o)
 .ARM.attributes
                0x00000000000006a7       0x34 C:/ST/STM32CubeIDE_1.10.1/STM32CubeIDE/plugins/com.st.stm32cube.ide.mcu.externaltools.gnu-tools-for-stm32.11.3.rel1.win32_1.1.0.202305231506/tools/bin/../lib/gcc/arm-none-eabi/11.3.1/../../../../arm-none-eabi/lib/thumb/v7e-m+fp/hard\libc_nano.a(libc_a-memcpy-stub.o)
 .ARM.attributes
                0x00000000000006db       0x17 C:/ST/STM32CubeIDE_1.10.1/STM32CubeIDE/plugins/com.st.stm32cube.ide.mcu.externaltools.gnu-tools-for-stm32.11.3.rel1.win32_1.1.0.202305231506/tools/bin/../lib/gcc/arm-none-eabi/11.3.1/../../../../arm-none-eabi/lib/thumb/v7e-m+fp/hard\libc_nano.a(libc_a-strlen.o)
 .ARM.attributes
                0x00000000000006f2       0x34 C:/ST/STM32CubeIDE_1.10.1/STM32CubeIDE/plugins/com.st.stm32cube.ide.mcu.externaltools.gnu-tools-for-stm32.11.3.rel1.win32_1.1.0.202305231506/tools/bin/../lib/gcc/arm-none-eabi/11.3.1/../../../../arm-none-eabi/lib/thumb/v7e-m+fp/hard\libc_nano.a(libc_a-freer.o)
 .ARM.attributes
                0x0000000000000726       0x34 C:/ST/STM32CubeIDE_1.10.1/STM32CubeIDE/plugins/com.st.stm32cube.ide.mcu.externaltools.gnu-tools-for-stm32.11.3.rel1.win32_1.1.0.202305231506/tools/bin/../lib/gcc/arm-none-eabi/11.3.1/../../../../arm-none-eabi/lib/thumb/v7e-m+fp/hard\libc_nano.a(libc_a-mallocr.o)
 .ARM.attributes
                0x000000000000075a       0x34 C:/ST/STM32CubeIDE_1.10.1/STM32CubeIDE/plugins/com.st.stm32cube.ide.mcu.externaltools.gnu-tools-for-stm32.11.3.rel1.win32_1.1.0.202305231506/tools/bin/../lib/gcc/arm-none-eabi/11.3.1/../../../../arm-none-eabi/lib/thumb/v7e-m+fp/hard\libc_nano.a(libc_a-mlock.o)
 .ARM.attributes
                0x000000000000078e       0x34 C:/ST/STM32CubeIDE_1.10.1/STM32CubeIDE/plugins/com.st.stm32cube.ide.mcu.externaltools.gnu-tools-for-stm32.11.3.rel1.win32_1.1.0.202305231506/tools/bin/../lib/gcc/arm-none-eabi/11.3.1/../../../../arm-none-eabi/lib/thumb/v7e-m+fp/hard\libc_nano.a(libc_a-nano-svfprintf.o)
 .ARM.attributes
                0x00000000000007c2       0x34 C:/ST/STM32CubeIDE_1.10.1/STM32CubeIDE/plugins/com.st.stm32cube.ide.mcu.externaltools.gnu-tools-for-stm32.11.3.rel1.win32_1.1.0.202305231506/tools/bin/../lib/gcc/arm-none-eabi/11.3.1/../../../../arm-none-eabi/lib/thumb/v7e-m+fp/hard\libc_nano.a(libc_a-nano-vfprintf_i.o)
 .ARM.attributes
                0x00000000000007f6       0x34 C:/ST/STM32CubeIDE_1.10.1/STM32CubeIDE/plugins/com.st.stm32cube.ide.mcu.externaltools.gnu-tools-for-stm32.11.3.rel1.win32_1.1.0.202305231506/tools/bin/../lib/gcc/arm-none-eabi/11.3.1/../../../../arm-none-eabi/lib/thumb/v7e-m+fp/hard\libc_nano.a(libc_a-memmove.o)
 .ARM.attributes
                0x000000000000082a       0x34 C:/ST/STM32CubeIDE_1.10.1/STM32CubeIDE/plugins/com.st.stm32cube.ide.mcu.externaltools.gnu-tools-for-stm32.11.3.rel1.win32_1.1.0.202305231506/tools/bin/../lib/gcc/arm-none-eabi/11.3.1/../../../../arm-none-eabi/lib/thumb/v7e-m+fp/hard\libc_nano.a(libc_a-sbrkr.o)
 .ARM.attributes
                0x000000000000085e       0x1c C:/ST/STM32CubeIDE_1.10.1/STM32CubeIDE/plugins/com.st.stm32cube.ide.mcu.externaltools.gnu-tools-for-stm32.11.3.rel1.win32_1.1.0.202305231506/tools/bin/../lib/gcc/arm-none-eabi/11.3.1/../../../../arm-none-eabi/lib/thumb/v7e-m+fp/hard\libc_nano.a(libc_a-memchr.o)
 .ARM.attributes
                0x000000000000087a       0x34 C:/ST/STM32CubeIDE_1.10.1/STM32CubeIDE/plugins/com.st.stm32cube.ide.mcu.externaltools.gnu-tools-for-stm32.11.3.rel1.win32_1.1.0.202305231506/tools/bin/../lib/gcc/arm-none-eabi/11.3.1/../../../../arm-none-eabi/lib/thumb/v7e-m+fp/hard\libc_nano.a(libc_a-reallocr.o)
 .ARM.attributes
                0x00000000000008ae       0x34 C:/ST/STM32CubeIDE_1.10.1/STM32CubeIDE/plugins/com.st.stm32cube.ide.mcu.externaltools.gnu-tools-for-stm32.11.3.rel1.win32_1.1.0.202305231506/tools/bin/../lib/gcc/arm-none-eabi/11.3.1/../../../../arm-none-eabi/lib/thumb/v7e-m+fp/hard\libc_nano.a(libc_a-msizer.o)
 .ARM.attributes
                0x00000000000008e2       0x1e C:/ST/STM32CubeIDE_1.10.1/STM32CubeIDE/plugins/com.st.stm32cube.ide.mcu.externaltools.gnu-tools-for-stm32.11.3.rel1.win32_1.1.0.202305231506/tools/bin/../lib/gcc/arm-none-eabi/11.3.1/thumb/v7e-m+fp/hard\libgcc.a(_aeabi_uldivmod.o)
 .ARM.attributes
                0x0000000000000900       0x34 C:/ST/STM32CubeIDE_1.10.1/STM32CubeIDE/plugins/com.st.stm32cube.ide.mcu.externaltools.gnu-tools-for-stm32.11.3.rel1.win32_1.1.0.202305231506/tools/bin/../lib/gcc/arm-none-eabi/11.3.1/thumb/v7e-m+fp/hard\libgcc.a(_udivmoddi4.o)
 .ARM.attributes
                0x0000000000000934       0x1e C:/ST/STM32CubeIDE_1.10.1/STM32CubeIDE/plugins/com.st.stm32cube.ide.mcu.externaltools.gnu-tools-for-stm32.11.3.rel1.win32_1.1.0.202305231506/tools/bin/../lib/gcc/arm-none-eabi/11.3.1/thumb/v7e-m+fp/hard\libgcc.a(_dvmd_tls.o)
 .ARM.attributes
                0x0000000000000952       0x1e C:/ST/STM32CubeIDE_1.10.1/STM32CubeIDE/plugins/com.st.stm32cube.ide.mcu.externaltools.gnu-tools-for-stm32.11.3.rel1.win32_1.1.0.202305231506/tools/bin/../lib/gcc/arm-none-eabi/11.3.1/thumb/v7e-m+fp/hard/crtn.o
OUTPUT(01_FatFS.elf elf32-littlearm)
LOAD linker stubs
LOAD C:/ST/STM32CubeIDE_1.10.1/STM32CubeIDE/plugins/com.st.stm32cube.ide.mcu.externaltools.gnu-tools-for-stm32.11.3.rel1.win32_1.1.0.202305231506/tools/bin/../lib/gcc/arm-none-eabi/11.3.1/../../../../arm-none-eabi/lib/thumb/v7e-m+fp/hard\libc.a
LOAD C:/ST/STM32CubeIDE_1.10.1/STM32CubeIDE/plugins/com.st.stm32cube.ide.mcu.externaltools.gnu-tools-for-stm32.11.3.rel1.win32_1.1.0.202305231506/tools/bin/../lib/gcc/arm-none-eabi/11.3.1/../../../../arm-none-eabi/lib/thumb/v7e-m+fp/hard\libm.a
LOAD C:/ST/STM32CubeIDE_1.10.1/STM32CubeIDE/plugins/com.st.stm32cube.ide.mcu.externaltools.gnu-tools-for-stm32.11.3.rel1.win32_1.1.0.202305231506/tools/bin/../lib/gcc/arm-none-eabi/11.3.1/thumb/v7e-m+fp/hard\libgcc.a

.comment        0x0000000000000000       0x43
 .comment       0x0000000000000000       0x43 C:/ST/STM32CubeIDE_1.10.1/STM32CubeIDE/plugins/com.st.stm32cube.ide.mcu.externaltools.gnu-tools-for-stm32.11.3.rel1.win32_1.1.0.202305231506/tools/bin/../lib/gcc/arm-none-eabi/11.3.1/thumb/v7e-m+fp/hard/crtbegin.o
                                         0x44 (size before relaxing)
 .comment       0x0000000000000043       0x44 ./Core/Src/main.o
 .comment       0x0000000000000043       0x44 ./Core/Src/stm32f4xx_hal_msp.o
 .comment       0x0000000000000043       0x44 ./Core/Src/stm32f4xx_it.o
 .comment       0x0000000000000043       0x44 ./Core/Src/sysmem.o
 .comment       0x0000000000000043       0x44 ./Core/Src/system_stm32f4xx.o
 .comment       0x0000000000000043       0x44 ./Drivers/STM32F4xx_HAL_Driver/Src/stm32f4xx_hal.o
 .comment       0x0000000000000043       0x44 ./Drivers/STM32F4xx_HAL_Driver/Src/stm32f4xx_hal_cortex.o
 .comment       0x0000000000000043       0x44 ./Drivers/STM32F4xx_HAL_Driver/Src/stm32f4xx_hal_dma.o
 .comment       0x0000000000000043       0x44 ./Drivers/STM32F4xx_HAL_Driver/Src/stm32f4xx_hal_gpio.o
 .comment       0x0000000000000043       0x44 ./Drivers/STM32F4xx_HAL_Driver/Src/stm32f4xx_hal_rcc.o
 .comment       0x0000000000000043       0x44 ./Drivers/STM32F4xx_HAL_Driver/Src/stm32f4xx_hal_sd.o
 .comment       0x0000000000000043       0x44 ./Drivers/STM32F4xx_HAL_Driver/Src/stm32f4xx_hal_uart.o
 .comment       0x0000000000000043       0x44 ./Drivers/STM32F4xx_HAL_Driver/Src/stm32f4xx_ll_sdmmc.o
 .comment       0x0000000000000043       0x44 ./FATFS/App/fatfs.o
 .comment       0x0000000000000043       0x44 ./FATFS/Target/bsp_driver_sd.o
 .comment       0x0000000000000043       0x44 ./FATFS/Target/fatfs_platform.o
 .comment       0x0000000000000043       0x44 ./FATFS/Target/sd_diskio.o
 .comment       0x0000000000000043       0x44 ./Middlewares/Third_Party/FatFs/src/diskio.o
 .comment       0x0000000000000043       0x44 ./Middlewares/Third_Party/FatFs/src/ff.o
 .comment       0x0000000000000043       0x44 ./Middlewares/Third_Party/FatFs/src/ff_gen_drv.o

.debug_info     0x0000000000000000    0x1053c
 .debug_info    0x0000000000000000     0x196f ./Core/Src/main.o
 .debug_info    0x000000000000196f      0xf72 ./Core/Src/stm32f4xx_hal_msp.o
 .debug_info    0x00000000000028e1      0x9ad ./Core/Src/stm32f4xx_it.o
 .debug_info    0x000000000000328e      0x168 ./Core/Src/sysmem.o
 .debug_info    0x00000000000033f6      0x512 ./Core/Src/system_stm32f4xx.o
 .debug_info    0x0000000000003908       0x23 ./Core/Startup/startup_stm32f407vgtx.o
 .debug_info    0x000000000000392b      0x948 ./Drivers/STM32F4xx_HAL_Driver/Src/stm32f4xx_hal.o
 .debug_info    0x0000000000004273      0xd46 ./Drivers/STM32F4xx_HAL_Driver/Src/stm32f4xx_hal_cortex.o
 .debug_info    0x0000000000004fb9      0x8e7 ./Drivers/STM32F4xx_HAL_Driver/Src/stm32f4xx_hal_dma.o
 .debug_info    0x00000000000058a0      0x6c3 ./Drivers/STM32F4xx_HAL_Driver/Src/stm32f4xx_hal_gpio.o
 .debug_info    0x0000000000005f63      0x8b1 ./Drivers/STM32F4xx_HAL_Driver/Src/stm32f4xx_hal_rcc.o
 .debug_info    0x0000000000006814     0x1c0a ./Drivers/STM32F4xx_HAL_Driver/Src/stm32f4xx_hal_sd.o
 .debug_info    0x000000000000841e     0x2fb8 ./Drivers/STM32F4xx_HAL_Driver/Src/stm32f4xx_hal_uart.o
 .debug_info    0x000000000000b3d6     0x10c4 ./Drivers/STM32F4xx_HAL_Driver/Src/stm32f4xx_ll_sdmmc.o
 .debug_info    0x000000000000c49a      0x4f7 ./FATFS/App/fatfs.o
 .debug_info    0x000000000000c991      0xac9 ./FATFS/Target/bsp_driver_sd.o
 .debug_info    0x000000000000d45a      0x1cc ./FATFS/Target/fatfs_platform.o
 .debug_info    0x000000000000d626      0x4b8 ./FATFS/Target/sd_diskio.o
 .debug_info    0x000000000000dade      0x3df ./Middlewares/Third_Party/FatFs/src/diskio.o
 .debug_info    0x000000000000debd     0x2300 ./Middlewares/Third_Party/FatFs/src/ff.o
 .debug_info    0x00000000000101bd      0x37f ./Middlewares/Third_Party/FatFs/src/ff_gen_drv.o

.debug_abbrev   0x0000000000000000     0x28a2
 .debug_abbrev  0x0000000000000000      0x36f ./Core/Src/main.o
 .debug_abbrev  0x000000000000036f      0x1db ./Core/Src/stm32f4xx_hal_msp.o
 .debug_abbrev  0x000000000000054a      0x1ac ./Core/Src/stm32f4xx_it.o
 .debug_abbrev  0x00000000000006f6       0xbc ./Core/Src/sysmem.o
 .debug_abbrev  0x00000000000007b2      0x11a ./Core/Src/system_stm32f4xx.o
 .debug_abbrev  0x00000000000008cc       0x12 ./Core/Startup/startup_stm32f407vgtx.o
 .debug_abbrev  0x00000000000008de      0x213 ./Drivers/STM32F4xx_HAL_Driver/Src/stm32f4xx_hal.o
 .debug_abbrev  0x0000000000000af1      0x327 ./Drivers/STM32F4xx_HAL_Driver/Src/stm32f4xx_hal_cortex.o
 .debug_abbrev  0x0000000000000e18      0x264 ./Drivers/STM32F4xx_HAL_Driver/Src/stm32f4xx_hal_dma.o
 .debug_abbrev  0x000000000000107c      0x1d4 ./Drivers/STM32F4xx_HAL_Driver/Src/stm32f4xx_hal_gpio.o
 .debug_abbrev  0x0000000000001250      0x2b6 ./Drivers/STM32F4xx_HAL_Driver/Src/stm32f4xx_hal_rcc.o
 .debug_abbrev  0x0000000000001506      0x297 ./Drivers/STM32F4xx_HAL_Driver/Src/stm32f4xx_hal_sd.o
 .debug_abbrev  0x000000000000179d      0x30e ./Drivers/STM32F4xx_HAL_Driver/Src/stm32f4xx_hal_uart.o
 .debug_abbrev  0x0000000000001aab      0x1d6 ./Drivers/STM32F4xx_HAL_Driver/Src/stm32f4xx_ll_sdmmc.o
 .debug_abbrev  0x0000000000001c81      0x15e ./FATFS/App/fatfs.o
 .debug_abbrev  0x0000000000001ddf      0x28b ./FATFS/Target/bsp_driver_sd.o
 .debug_abbrev  0x000000000000206a      0x107 ./FATFS/Target/fatfs_platform.o
 .debug_abbrev  0x0000000000002171      0x191 ./FATFS/Target/sd_diskio.o
 .debug_abbrev  0x0000000000002302      0x181 ./Middlewares/Third_Party/FatFs/src/diskio.o
 .debug_abbrev  0x0000000000002483      0x280 ./Middlewares/Third_Party/FatFs/src/ff.o
 .debug_abbrev  0x0000000000002703      0x19f ./Middlewares/Third_Party/FatFs/src/ff_gen_drv.o

.debug_aranges  0x0000000000000000      0xde0
 .debug_aranges
                0x0000000000000000       0x88 ./Core/Src/main.o
 .debug_aranges
                0x0000000000000088       0x40 ./Core/Src/stm32f4xx_hal_msp.o
 .debug_aranges
                0x00000000000000c8       0x70 ./Core/Src/stm32f4xx_it.o
 .debug_aranges
                0x0000000000000138       0x20 ./Core/Src/sysmem.o
 .debug_aranges
                0x0000000000000158       0x28 ./Core/Src/system_stm32f4xx.o
 .debug_aranges
                0x0000000000000180       0x28 ./Core/Startup/startup_stm32f407vgtx.o
 .debug_aranges
                0x00000000000001a8       0xf0 ./Drivers/STM32F4xx_HAL_Driver/Src/stm32f4xx_hal.o
 .debug_aranges
                0x0000000000000298      0x118 ./Drivers/STM32F4xx_HAL_Driver/Src/stm32f4xx_hal_cortex.o
 .debug_aranges
                0x00000000000003b0       0x90 ./Drivers/STM32F4xx_HAL_Driver/Src/stm32f4xx_hal_dma.o
 .debug_aranges
                0x0000000000000440       0x58 ./Drivers/STM32F4xx_HAL_Driver/Src/stm32f4xx_hal_gpio.o
 .debug_aranges
                0x0000000000000498       0x88 ./Drivers/STM32F4xx_HAL_Driver/Src/stm32f4xx_hal_rcc.o
 .debug_aranges
                0x0000000000000520      0x168 ./Drivers/STM32F4xx_HAL_Driver/Src/stm32f4xx_hal_sd.o
 .debug_aranges
                0x0000000000000688      0x200 ./Drivers/STM32F4xx_HAL_Driver/Src/stm32f4xx_hal_uart.o
 .debug_aranges
                0x0000000000000888      0x188 ./Drivers/STM32F4xx_HAL_Driver/Src/stm32f4xx_ll_sdmmc.o
 .debug_aranges
                0x0000000000000a10       0x28 ./FATFS/App/fatfs.o
 .debug_aranges
                0x0000000000000a38       0xa0 ./FATFS/Target/bsp_driver_sd.o
 .debug_aranges
                0x0000000000000ad8       0x20 ./FATFS/Target/fatfs_platform.o
 .debug_aranges
                0x0000000000000af8       0x48 ./FATFS/Target/sd_diskio.o
 .debug_aranges
                0x0000000000000b40       0x48 ./Middlewares/Third_Party/FatFs/src/diskio.o
 .debug_aranges
                0x0000000000000b88      0x218 ./Middlewares/Third_Party/FatFs/src/ff.o
 .debug_aranges
                0x0000000000000da0       0x40 ./Middlewares/Third_Party/FatFs/src/ff_gen_drv.o

.debug_rnglists
                0x0000000000000000      0xaa4
 .debug_rnglists
                0x0000000000000000       0x75 ./Core/Src/main.o
 .debug_rnglists
                0x0000000000000075       0x2d ./Core/Src/stm32f4xx_hal_msp.o
 .debug_rnglists
                0x00000000000000a2       0x4f ./Core/Src/stm32f4xx_it.o
 .debug_rnglists
                0x00000000000000f1       0x13 ./Core/Src/sysmem.o
 .debug_rnglists
                0x0000000000000104       0x1a ./Core/Src/system_stm32f4xx.o
 .debug_rnglists
                0x000000000000011e       0x19 ./Core/Startup/startup_stm32f407vgtx.o
 .debug_rnglists
                0x0000000000000137       0xaf ./Drivers/STM32F4xx_HAL_Driver/Src/stm32f4xx_hal.o
 .debug_rnglists
                0x00000000000001e6       0xce ./Drivers/STM32F4xx_HAL_Driver/Src/stm32f4xx_hal_cortex.o
 .debug_rnglists
                0x00000000000002b4       0x70 ./Drivers/STM32F4xx_HAL_Driver/Src/stm32f4xx_hal_dma.o
 .debug_rnglists
                0x0000000000000324       0x3f ./Drivers/STM32F4xx_HAL_Driver/Src/stm32f4xx_hal_gpio.o
 .debug_rnglists
                0x0000000000000363       0x66 ./Drivers/STM32F4xx_HAL_Driver/Src/stm32f4xx_hal_rcc.o
 .debug_rnglists
                0x00000000000003c9      0x121 ./Drivers/STM32F4xx_HAL_Driver/Src/stm32f4xx_hal_sd.o
 .debug_rnglists
                0x00000000000004ea      0x1b7 ./Drivers/STM32F4xx_HAL_Driver/Src/stm32f4xx_hal_uart.o
 .debug_rnglists
                0x00000000000006a1      0x125 ./Drivers/STM32F4xx_HAL_Driver/Src/stm32f4xx_ll_sdmmc.o
 .debug_rnglists
                0x00000000000007c6       0x19 ./FATFS/App/fatfs.o
 .debug_rnglists
                0x00000000000007df       0x73 ./FATFS/Target/bsp_driver_sd.o
 .debug_rnglists
                0x0000000000000852       0x13 ./FATFS/Target/fatfs_platform.o
 .debug_rnglists
                0x0000000000000865       0x32 ./FATFS/Target/sd_diskio.o
 .debug_rnglists
                0x0000000000000897       0x31 ./Middlewares/Third_Party/FatFs/src/diskio.o
 .debug_rnglists
                0x00000000000008c8      0x1b0 ./Middlewares/Third_Party/FatFs/src/ff.o
 .debug_rnglists
                0x0000000000000a78       0x2c ./Middlewares/Third_Party/FatFs/src/ff_gen_drv.o

.debug_macro    0x0000000000000000    0x22da7
 .debug_macro   0x0000000000000000      0x39b ./Core/Src/main.o
 .debug_macro   0x000000000000039b      0xaa8 ./Core/Src/main.o
 .debug_macro   0x0000000000000e43      0x29b ./Core/Src/main.o
 .debug_macro   0x00000000000010de       0x2e ./Core/Src/main.o
 .debug_macro   0x000000000000110c       0x2f ./Core/Src/main.o
 .debug_macro   0x000000000000113b       0x22 ./Core/Src/main.o
 .debug_macro   0x000000000000115d       0x8e ./Core/Src/main.o
 .debug_macro   0x00000000000011eb       0x51 ./Core/Src/main.o
 .debug_macro   0x000000000000123c      0x103 ./Core/Src/main.o
 .debug_macro   0x000000000000133f       0x6a ./Core/Src/main.o
 .debug_macro   0x00000000000013a9      0x1df ./Core/Src/main.o
 .debug_macro   0x0000000000001588       0x1c ./Core/Src/main.o
 .debug_macro   0x00000000000015a4       0x22 ./Core/Src/main.o
 .debug_macro   0x00000000000015c6       0xd9 ./Core/Src/main.o
 .debug_macro   0x000000000000169f     0x102d ./Core/Src/main.o
 .debug_macro   0x00000000000026cc      0x11f ./Core/Src/main.o
 .debug_macro   0x00000000000027eb    0x15e82 ./Core/Src/main.o
 .debug_macro   0x000000000001866d       0x6d ./Core/Src/main.o
 .debug_macro   0x00000000000186da     0x367e ./Core/Src/main.o
 .debug_macro   0x000000000001bd58      0x174 ./Core/Src/main.o
 .debug_macro   0x000000000001becc       0x5c ./Core/Src/main.o
 .debug_macro   0x000000000001bf28      0x96b ./Core/Src/main.o
 .debug_macro   0x000000000001c893      0x9fe ./Core/Src/main.o
 .debug_macro   0x000000000001d291      0x115 ./Core/Src/main.o
 .debug_macro   0x000000000001d3a6      0x13e ./Core/Src/main.o
 .debug_macro   0x000000000001d4e4       0xa5 ./Core/Src/main.o